
 Start         Length     Name                   Class
 0001:00000000 00066D18H .text                   CODE
 0002:00000000 00001480H .data                   DATA
 0002:00001480 00000E09H .bss                    BSS


Detailed map of segments

 0001:00000000 000058C7 C=CODE     S=.text    G=(none)   M=System   ACBP=A9
 0001:000058C8 00000140 C=CODE     S=.text    G=(none)   M=SysInit  ACBP=A9
 0001:00005A08 00000078 C=CODE     S=.text    G=(none)   M=Types    ACBP=A9
 0001:00005A80 00000A94 C=CODE     S=.text    G=(none)   M=Windows  ACBP=A9
 0001:00006514 00000038 C=CODE     S=.text    G=(none)   M=Messages ACBP=A9
 0001:0000654C 000002D0 C=CODE     S=.text    G=(none)   M=SysConst ACBP=A9
 0001:0000681C 00004820 C=CODE     S=.text    G=(none)   M=SysUtils ACBP=A9
 0001:0000B03C 00000098 C=CODE     S=.text    G=(none)   M=VarUtils ACBP=A9
 0001:0000B0D4 00004264 C=CODE     S=.text    G=(none)   M=Variants ACBP=A9
 0001:0000F338 00000160 C=CODE     S=.text    G=(none)   M=RTLConsts ACBP=A9
 0001:0000F498 00000DCC C=CODE     S=.text    G=(none)   M=TypInfo  ACBP=A9
 0001:00010264 00000038 C=CODE     S=.text    G=(none)   M=ActiveX  ACBP=A9
 0001:0001029C 0000BEC6 C=CODE     S=.text    G=(none)   M=Classes  ACBP=A9
 0001:0001C164 00000260 C=CODE     S=.text    G=(none)   M=Consts   ACBP=A9
 0001:0001C3C4 0000724B C=CODE     S=.text    G=(none)   M=Graphics ACBP=A9
 0001:00023610 00000048 C=CODE     S=.text    G=(none)   M=Math     ACBP=A9
 0001:00023658 000002B8 C=CODE     S=.text    G=(none)   M=Contnrs  ACBP=A9
 0001:00023910 000000F4 C=CODE     S=.text    G=(none)   M=CommCtrl ACBP=A9
 0001:00023A04 00000787 C=CODE     S=.text    G=(none)   M=MultiMon ACBP=A9
 0001:0002418C 00000038 C=CODE     S=.text    G=(none)   M=Imm      ACBP=A9
 0001:000241C4 00001078 C=CODE     S=.text    G=(none)   M=HelpIntfs ACBP=A9
 0001:0002523C 00000038 C=CODE     S=.text    G=(none)   M=WinSpool ACBP=A9
 0001:00025274 00000044 C=CODE     S=.text    G=(none)   M=Printers ACBP=A9
 0001:000252B8 0000031F C=CODE     S=.text    G=(none)   M=FlatSB   ACBP=A9
 0001:000255D8 00006F98 C=CODE     S=.text    G=(none)   M=StdCtrls ACBP=A9
 0001:0002C570 00000038 C=CODE     S=.text    G=(none)   M=ShellAPI ACBP=A9
 0001:0002C5A8 00000038 C=CODE     S=.text    G=(none)   M=RegStr   ACBP=A9
 0001:0002C5E0 00000038 C=CODE     S=.text    G=(none)   M=WinInet  ACBP=A9
 0001:0002C618 00000038 C=CODE     S=.text    G=(none)   M=UrlMon   ACBP=A9
 0001:0002C650 00000038 C=CODE     S=.text    G=(none)   M=ShlObj   ACBP=A9
 0001:0002C688 00000038 C=CODE     S=.text    G=(none)   M=CommDlg  ACBP=A9
 0001:0002C6C0 0000033C C=CODE     S=.text    G=(none)   M=ExtCtrls ACBP=A9
 0001:0002C9FC 00000038 C=CODE     S=.text    G=(none)   M=Dlgs     ACBP=A9
 0001:0002CA34 00000659 C=CODE     S=.text    G=(none)   M=Dialogs  ACBP=A9
 0001:0002D090 00000094 C=CODE     S=.text    G=(none)   M=Clipbrd  ACBP=A9
 0001:0002D124 00000038 C=CODE     S=.text    G=(none)   M=StrUtils ACBP=A9
 0001:0002D15C 00000168 C=CODE     S=.text    G=(none)   M=StdActns ACBP=A9
 0001:0002D2C4 00000CC4 C=CODE     S=.text    G=(none)   M=WinHelpViewer ACBP=A9
 0001:0002DF88 000109BF C=CODE     S=.text    G=(none)   M=Controls ACBP=A9
 0001:0003E948 0000127A C=CODE     S=.text    G=(none)   M=ActnList ACBP=A9
 0001:0003FBC4 000014C0 C=CODE     S=.text    G=(none)   M=ImgList  ACBP=A9
 0001:00041084 000064C1 C=CODE     S=.text    G=(none)   M=Menus    ACBP=A9
 0001:00047548 0000CADC C=CODE     S=.text    G=(none)   M=Forms    ACBP=A9
 0001:00054024 0000A73C C=CODE     S=.text    G=(none)   M=mc68k    ACBP=A9
 0001:0005E760 00000144 C=CODE     S=.text    G=(none)   M=Fifo4bits ACBP=A9
 0001:0005E8A4 00000214 C=CODE     S=.text    G=(none)   M=ictrl    ACBP=A9
 0001:0005EAB8 000007A0 C=CODE     S=.text    G=(none)   M=Uart     ACBP=A9
 0001:0005F258 00000428 C=CODE     S=.text    G=(none)   M=cookie   ACBP=A9
 0001:0005F680 00000380 C=CODE     S=.text    G=(none)   M=sysregs  ACBP=A9
 0001:0005FA00 00000220 C=CODE     S=.text    G=(none)   M=nvram    ACBP=A9
 0001:0005FC20 000003A8 C=CODE     S=.text    G=(none)   M=timer    ACBP=A9
 0001:0005FFC8 00000280 C=CODE     S=.text    G=(none)   M=Am79c90  ACBP=A9
 0001:00060248 00000950 C=CODE     S=.text    G=(none)   M=Cisco_2500 ACBP=A9
 0001:00060B98 00000110 C=CODE     S=.text    G=(none)   M=WinSock  ACBP=A9
 0001:00060CA8 000003F0 C=CODE     S=.text    G=(none)   M=SyncObjs ACBP=A9
 0001:00061098 000030C4 C=CODE     S=.text    G=(none)   M=ScktComp ACBP=A9
 0001:0006415C 00002948 C=CODE     S=.text    G=(none)   M=Unit1    ACBP=A9
 0001:00066AA4 00000274 C=CODE     S=.text    G=(none)   M=Project1 ACBP=A9
 0002:00000000 000000AC C=DATA     S=.data    G=DGROUP   M=System   ACBP=A9
 0002:000000AC 00000018 C=DATA     S=.data    G=DGROUP   M=SysInit  ACBP=A9
 0002:000000C4 00000210 C=DATA     S=.data    G=DGROUP   M=SysUtils ACBP=A9
 0002:000002D4 00000108 C=DATA     S=.data    G=DGROUP   M=VarUtils ACBP=A9
 0002:000003DC 0000008E C=DATA     S=.data    G=DGROUP   M=Variants ACBP=A9
 0002:0000046C 0000000C C=DATA     S=.data    G=DGROUP   M=TypInfo  ACBP=A9
 0002:00000478 000000AC C=DATA     S=.data    G=DGROUP   M=Classes  ACBP=A9
 0002:00000524 000002EC C=DATA     S=.data    G=DGROUP   M=Graphics ACBP=A9
 0002:00000810 00000004 C=DATA     S=.data    G=DGROUP   M=Printers ACBP=A9
 0002:00000814 000000D4 C=DATA     S=.data    G=DGROUP   M=StdCtrls ACBP=A9
 0002:000008E8 00000074 C=DATA     S=.data    G=DGROUP   M=Dialogs  ACBP=A9
 0002:0000095C 0000013C C=DATA     S=.data    G=DGROUP   M=Controls ACBP=A9
 0002:00000A98 00000020 C=DATA     S=.data    G=DGROUP   M=ImgList  ACBP=A9
 0002:00000AB8 000000EC C=DATA     S=.data    G=DGROUP   M=Menus    ACBP=A9
 0002:00000BA4 00000124 C=DATA     S=.data    G=DGROUP   M=Forms    ACBP=A9
 0002:00000CC8 00000416 C=DATA     S=.data    G=DGROUP   M=mc68k    ACBP=A9
 0002:00002000 00000708 C=BSS      S=.bss     G=DGROUP   M=System   ACBP=A9
 0002:00002708 00000018 C=BSS      S=.bss     G=DGROUP   M=SysInit  ACBP=A9
 0002:00002720 00000004 C=BSS      S=.bss     G=DGROUP   M=Types    ACBP=A9
 0002:00002724 00000004 C=BSS      S=.bss     G=DGROUP   M=Windows  ACBP=A9
 0002:00002728 00000004 C=BSS      S=.bss     G=DGROUP   M=Messages ACBP=A9
 0002:0000272C 00000004 C=BSS      S=.bss     G=DGROUP   M=SysConst ACBP=A9
 0002:00002730 00000120 C=BSS      S=.bss     G=DGROUP   M=SysUtils ACBP=A9
 0002:00002850 00000004 C=BSS      S=.bss     G=DGROUP   M=VarUtils ACBP=A9
 0002:00002854 00000184 C=BSS      S=.bss     G=DGROUP   M=Variants ACBP=A9
 0002:000029D8 00000004 C=BSS      S=.bss     G=DGROUP   M=RTLConsts ACBP=A9
 0002:000029DC 00000004 C=BSS      S=.bss     G=DGROUP   M=TypInfo  ACBP=A9
 0002:000029E0 00000004 C=BSS      S=.bss     G=DGROUP   M=ActiveX  ACBP=A9
 0002:000029E4 00000044 C=BSS      S=.bss     G=DGROUP   M=Classes  ACBP=A9
 0002:00002A28 00000004 C=BSS      S=.bss     G=DGROUP   M=Consts   ACBP=A9
 0002:00002A2C 00000060 C=BSS      S=.bss     G=DGROUP   M=Graphics ACBP=A9
 0002:00002A8C 00000004 C=BSS      S=.bss     G=DGROUP   M=Math     ACBP=A9
 0002:00002A90 00000004 C=BSS      S=.bss     G=DGROUP   M=Contnrs  ACBP=A9
 0002:00002A94 00000004 C=BSS      S=.bss     G=DGROUP   M=CommCtrl ACBP=A9
 0002:00002A98 00000031 C=BSS      S=.bss     G=DGROUP   M=MultiMon ACBP=A9
 0002:00002ACC 00000004 C=BSS      S=.bss     G=DGROUP   M=Imm      ACBP=A9
 0002:00002AD0 00000008 C=BSS      S=.bss     G=DGROUP   M=HelpIntfs ACBP=A9
 0002:00002AD8 00000004 C=BSS      S=.bss     G=DGROUP   M=WinSpool ACBP=A9
 0002:00002ADC 00000004 C=BSS      S=.bss     G=DGROUP   M=Printers ACBP=A9
 0002:00002AE0 00000034 C=BSS      S=.bss     G=DGROUP   M=FlatSB   ACBP=A9
 0002:00002B14 00000004 C=BSS      S=.bss     G=DGROUP   M=StdCtrls ACBP=A9
 0002:00002B18 00000004 C=BSS      S=.bss     G=DGROUP   M=ShellAPI ACBP=A9
 0002:00002B1C 00000004 C=BSS      S=.bss     G=DGROUP   M=RegStr   ACBP=A9
 0002:00002B20 00000004 C=BSS      S=.bss     G=DGROUP   M=WinInet  ACBP=A9
 0002:00002B24 00000004 C=BSS      S=.bss     G=DGROUP   M=UrlMon   ACBP=A9
 0002:00002B28 00000004 C=BSS      S=.bss     G=DGROUP   M=ShlObj   ACBP=A9
 0002:00002B2C 00000004 C=BSS      S=.bss     G=DGROUP   M=CommDlg  ACBP=A9
 0002:00002B30 00000004 C=BSS      S=.bss     G=DGROUP   M=ExtCtrls ACBP=A9
 0002:00002B34 00000004 C=BSS      S=.bss     G=DGROUP   M=Dlgs     ACBP=A9
 0002:00002B38 0000000C C=BSS      S=.bss     G=DGROUP   M=Dialogs  ACBP=A9
 0002:00002B44 0000000C C=BSS      S=.bss     G=DGROUP   M=Clipbrd  ACBP=A9
 0002:00002B50 00000004 C=BSS      S=.bss     G=DGROUP   M=StrUtils ACBP=A9
 0002:00002B54 00000004 C=BSS      S=.bss     G=DGROUP   M=StdActns ACBP=A9
 0002:00002B58 00000010 C=BSS      S=.bss     G=DGROUP   M=WinHelpViewer ACBP=A9
 0002:00002B68 00000080 C=BSS      S=.bss     G=DGROUP   M=Controls ACBP=A9
 0002:00002BE8 00000004 C=BSS      S=.bss     G=DGROUP   M=ActnList ACBP=A9
 0002:00002BEC 00000004 C=BSS      S=.bss     G=DGROUP   M=ImgList  ACBP=A9
 0002:00002BF0 00000010 C=BSS      S=.bss     G=DGROUP   M=Menus    ACBP=A9
 0002:00002C00 00000020 C=BSS      S=.bss     G=DGROUP   M=Forms    ACBP=A9
 0002:00002C20 00000004 C=BSS      S=.bss     G=DGROUP   M=mc68k    ACBP=A9
 0002:00002C24 00000004 C=BSS      S=.bss     G=DGROUP   M=Fifo4bits ACBP=A9
 0002:00002C28 00000004 C=BSS      S=.bss     G=DGROUP   M=ictrl    ACBP=A9
 0002:00002C2C 00000004 C=BSS      S=.bss     G=DGROUP   M=Uart     ACBP=A9
 0002:00002C30 00000004 C=BSS      S=.bss     G=DGROUP   M=cookie   ACBP=A9
 0002:00002C34 00000004 C=BSS      S=.bss     G=DGROUP   M=sysregs  ACBP=A9
 0002:00002C38 00000004 C=BSS      S=.bss     G=DGROUP   M=nvram    ACBP=A9
 0002:00002C3C 00000004 C=BSS      S=.bss     G=DGROUP   M=timer    ACBP=A9
 0002:00002C40 00000004 C=BSS      S=.bss     G=DGROUP   M=Am79c90  ACBP=A9
 0002:00002C44 00000004 C=BSS      S=.bss     G=DGROUP   M=Cisco_2500 ACBP=A9
 0002:00002C48 00000004 C=BSS      S=.bss     G=DGROUP   M=WinSock  ACBP=A9
 0002:00002C4C 00000004 C=BSS      S=.bss     G=DGROUP   M=SyncObjs ACBP=A9
 0002:00002C50 00000194 C=BSS      S=.bss     G=DGROUP   M=ScktComp ACBP=A9
 0002:00002DE4 00000024 C=BSS      S=.bss     G=DGROUP   M=Unit1    ACBP=A9


  Address         Publics by Name

 0002:00002B38       .01
 0002:00002B34       .1
 0002:00002B2C       .1
 0002:00002B28       .1
 0002:000029D8       .1
 0002:00002B24       .1
 0002:00002728       .1
 0002:00002B20       .1
 0002:0000272C       .1
 0002:00002B1C       .1
 0002:00002B18       .1
 0002:00002B50       .1
 0002:00002850       .1
 0002:00002B60       .1
 0002:00002C48       .1
 0002:00002B00       .1
 0002:00002ACC       .1
 0002:00002AB8       .1
 0002:00002A94       .1
 0002:00002720       .1
 0002:00002718       .1
 0002:00002A28       .1
 0002:00002B30       .12
 0002:00002A30       .12
 0002:00002C2C       .2
 0002:00002AD0       .2
 0002:00002C30       .2
 0002:00002C40       .2
 0002:00002C34       .2
 0002:00002E04       .2
 0002:00002C28       .2
 0002:00002C24       .2
 0002:00002B48       .2
 0002:00002C38       .2
 0002:00002A8C       .2
 0002:00002A90       .21
 0002:00002ADC       .3
 0002:00002724       .3
 0002:00002874       .3
 0002:000029E0       .3
 0002:00002AD8       .3
 0002:00002C44       .3
 0002:00002BEC       .3
 0002:00002C3C       .3
 0002:000029EC       .35
 0002:00002C20       .4
 0002:00002C50       .41
 0002:00002C08       .41
 0002:00002B14       .42
 0002:000025B8       .5
 0002:000029DC       .6
 0002:00002C4C       .6
 0002:00002B54       .63
 0002:00002B70       .72
 0002:00002BE8       .8
 0002:00002BF8       .9
 0002:00002840       .94
 0001:00001970       @AbstractError
 0001:00002BE4       @AfterConstruction
 0001:000029F0       @AsClass
 0001:00001C48       @Assign
 0001:00001F20       @AStrCmp
 0001:00002BF4       @BeforeDestruction
 0001:00001DAC       @BlockRead
 0001:00001DCC       @BlockWrite
 0001:00002A3C       @CallDynaInst
 0001:00002B8C       @ClassCreate
 0001:00002BDC       @ClassDestroy
 0001:00001DEC       @Close
 0001:00001FFC       @CloseFile
 0001:000042C0       @CopyArray
 0001:000041A4       @CopyRecord
 0001:00004530       @DispCallByIDError
 0001:00003070       @DoneExcept
 0001:00004C6C       @DynArrayAsg
 0001:00004C30       @DynArrayClear
 0001:00004B1C       @DynArrayCopy
 0001:00004B3C       @DynArrayCopyRange
 0001:0000495C       @DynArrayHigh
 0001:00004954       @DynArrayLength
 0001:00004B10       @DynArraySetLength
 0001:00003158       @ExceptionHandler
 0001:00001F90       @FileSize
 0001:00001FDC       @FillChar
 0001:00004198       @Finalize
 0001:000040AC       @FinalizeArray
 0001:00004078       @FinalizeRecord
 0001:00001D04       @Flush
 0001:0000277C       @FpuInit
 0001:000026B8       @FpuMaskInit
 0001:0000174C       @FreeMem
 0001:0000172C       @GetMem
 0001:00005940       @GetTls
 0001:0000357C       @Halt
 0001:000034A4       @Halt0
 0001:00002D08       @HandleAnyException
 0001:00002FBC       @HandleFinally
 0001:00002E34       @HandleOnException
 0001:0000598C       @InitExe
 0001:00003FE4       @InitializeArray
 0001:00003FB4       @InitializeRecord
 0001:00003368       @InitImports
 0001:00003340       @InitResStringImports
 0001:0000534C       @IntfAddRef
 0001:00005320       @IntfCast
 0001:000052DC       @IntfClear
 0001:000052F4       @IntfCopy
 0001:000029CC       @IsClass
 0001:00002688       @isNECWindows
 0001:00003AB8       @LStrAddRef
 0001:0000363C       @LStrArrayClr
 0001:0000366C       @LStrAsg
 0001:000038D8       @LStrCat
 0001:0000391C       @LStrCat3
 0001:00003990       @LStrCatN
 0001:00003618       @LStrClr
 0001:00003A14       @LStrCmp
 0001:00003B28       @LStrCopy
 0001:00003B68       @LStrDelete
 0001:00003880       @LStrFromArray
 0001:000037F8       @LStrFromChar
 0001:00003808       @LStrFromPChar
 0001:00003708       @LStrFromPCharLen
 0001:00003838       @LStrFromPWChar
 0001:0000376C       @LStrFromPWCharLen
 0001:00003874       @LStrFromString
 0001:00003898       @LStrFromWStr
 0001:00003BB0       @LStrInsert
 0001:000036B0       @LStrLAsg
 0001:000038D0       @LStrLen
 0001:00003C0C       @LStrSetLength
 0001:00003AC8       @LStrToPChar
 0001:000038AC       @LStrToString
 0001:000036DC       @NewAnsiString
 0001:00003CA0       @NewWideString
 0001:000023A0       @Pow10
 0001:00001E9C       @PStrCmp
 0001:00001E74       @PStrCpy
 0001:00001E44       @PStrNCat
 0001:00001E80       @PStrNCpy
 0001:0000301C       @RaiseAgain
 0001:00002FF4       @RaiseExcept
 0001:0000176C       @ReallocMem
 0001:00002104       @ResetFile
 0001:00002120       @RewritFile
 0001:000019E4       @RewritText
 0001:00001940       @ROUND
 0001:00003588       @RunError
 0001:00002384       @SetEq
 0001:00001930       @SetLength
 0001:00003300       @StartExe
 0001:00000320       @strlen
 0001:0000194C       @TRUNC
 0001:000030A0       @TryFinallyExit
 0001:00003B20       @UniqueStringA
 0001:00004730       @ValInt64
 0001:0000212C       @ValLong
 0001:00004470       @VarClear
 0001:00004528       @VarClr
 0001:0000451C       @VarCmpEQ
 0001:00004478       @VarCopy
 0001:000044E4       @VarFromBool
 0001:000044F4       @VarFromCurr
 0001:00004514       @VarFromDisp
 0001:000044C8       @VarFromInt
 0001:000044D0       @VarFromInt64
 0001:0000450C       @VarFromIntf
 0001:000044FC       @VarFromLStr
 0001:000044EC       @VarFromReal
 0001:00004504       @VarFromWStr
 0001:00004490       @VarToBool
 0001:000044A0       @VarToCurr
 0001:000044C0       @VarToDisp
 0001:00004480       @VarToInt
 0001:00004488       @VarToInt64
 0001:000044B8       @VarToIntf
 0001:000044A8       @VarToLStr
 0001:00004498       @VarToReal
 0001:000044B0       @VarToWStr
 0001:00003C70       @Write0LString
 0001:0000223C       @WriteBytes
 0001:0000230C       @WriteLn
 0001:00003C78       @WriteLString
 0001:00002290       @WriteSpaces
 0001:00003CE0       @WStrArrayClr
 0001:00003D04       @WStrAsg
 0001:00003E40       @WStrCat
 0001:00003CC8       @WStrClr
 0001:00003EA0       @WStrCmp
 0001:00003F24       @WStrCopy
 0001:00003E14       @WStrFromLStr
 0001:00003D28       @WStrFromPCharLen
 0001:00003DD8       @WStrFromPWChar
 0001:00003DB4       @WStrFromPWCharLen
 0001:00003E34       @WStrLen
 0001:00003F70       @WStrSetLength
 0001:00003E24       @WStrToPWChar
 0001:00002360       @_CLenToPasStr
 0001:00002354       @_CToPasStr
 0001:00001894       @_IOTest
 0001:0000455C       @_lldiv
 0001:00004624       @_llmod
 0001:00004538       @_llmul
 0001:000046F0       @_llshl
 0001:000045D8       @_lludiv
 0001:000046A0       @_llumod
 0001:00004710       @_llushr
 0001:000091B8       Abort
 0001:00030C04       AbsMin
 0001:00009578       AbstractErrorHandler
 0002:00002028       AbstractErrorProc
 0001:00060BB0       accept
 0002:00000114       AccessMode
 0001:000017FC       AcquireExceptionObject
 0001:000126AC       ActivateClassGroup
 0001:00005E38       ActivateKeyboardLayout
 0002:00002BA4       ActiveDrag
 0001:00010294       ActiveX
 0001:0003FB98       ActnList
 0001:00000444       AddBlockAfter
 0002:00000478       AddDataModule
 0001:0000747C       AddExitProc
 0001:00015D18       AddFinished
 0001:00042C7C       AddIn
 0001:00005180       AddModuleUnloadProc
 0001:00005170       AddModuleUnloadProc
 0001:00015D50       AddNotFinished
 0001:0005EEDC       addrcalc
 0001:0005FF20       addrcalc
 0001:0005EE30       addrcalc
 0001:0005FEB0       addrcalc
 0001:0001A7B0       AddThread
 0001:0001F9AC       AdjustColor
 0001:0000769C       AdjustLineBreaks
 0001:0004A390       Adjustment
 0001:00005E40       AdjustWindowRectEx
 0002:0000081C       Alignments
 0002:00000B8C       Alignments
 0002:00000B7C       Alignments
 0002:0000085C       Alignments
 0001:00036248       AlignWork
 0001:000511E4       AlignWork
 0001:0001BF7C       AllocateHWnd
 0001:00007430       AllocMem
 0002:000025B0       AllocMemCount
 0002:000025B4       AllocMemSize
 0001:00023408       AllocPatternBitmap
 0001:000058E8       AllocTlsBuffer
 0001:00060240       Am79c90
 0001:00019260       AncestorValid
 0002:00000968       AnchorAlign
 0002:0000095C       AnimateWindowProc
 0002:00000A64       AnimationStyle
 0001:000075F4       AnsiCompareStr
 0001:0000762C       AnsiCompareText
 0001:00007B18       AnsiLastChar
 0001:00005E48       AnsiLower
 0001:00009B30       AnsiPos
 0001:00047354       AnsiSameCaption
 0001:00007664       AnsiSameText
 0001:0000767C       AnsiStrLIComp
 0001:00009B68       AnsiStrPos
 0001:00009C08       AnsiStrRScan
 0001:00009C30       AnsiStrScan
 0001:00005758       AnsiToUtf8
 0001:0000B960       AnyChangeType
 0001:0000CD58       AnyOp
 0001:0000C38C       AnyToIntf
 0002:00002C00       Application
 0002:00000488       ApplicationHandleException
 0002:00000490       ApplicationShowException
 0002:00000CC0       AppVisible
 0001:0000955C       AssertErrorHandler
 0002:00002020       AssertErrorProc
 0001:0000F92C       AssignLongStr
 0001:0000FFA8       AssignVariant
 0002:00002604       avail
 0001:00007BD0       BackfillGetDiskFreeSpaceEx
 0001:00033780       BackgroundClipped
 0002:000003DC       BaseTypeMap
 0001:00012A80       BeginGlobalLoading
 0001:00005E50       BeginPaint
 0001:000035CC       BeginThread
 0001:0001F9B8       BetterSize
 0001:00043A54       BiDiDraw
 0001:00060BB8       bind
 0001:00005C88       BitBlt
 0002:000007C4       BitmapCanvasList
 0002:00002A48       BitmapImageLock
 0002:000004F8       BlockCode
 0002:000025DC       blockDescBlockList
 0002:000025E0       blockDescFreeList
 0001:00001D20       BlockIO
 0002:0000046C       BooleanIdents
 0002:00000C08       BorderStyles
 0002:00000814       BorderStyles
 0001:000119E4       Bounds
 0001:00005A2C       Bounds
 0002:00002DF4       breakpoint
 0002:00000B24       Breaks
 0002:00002A80       BrushManager
 0001:00046164       BuildImage
 0002:00000930       ButtonCaptions
 0002:00000904       ButtonNames
 0002:00000BA0       Buttons
 0002:0000088C       ButtonStyles
 0001:0001F198       BytesPerScanline
 0001:0001F4F0       ByteSwapColors
 0001:00009A90       ByteType
 0001:00009A18       ByteTypeTest
 0001:0005F528       c2500cookie.create
 0001:0005F2B0       c2500cookie.InterfaceRead8
 0001:0005F2C4       c2500cookie.InterfaceWrite8
 0001:0005F56C       c2500cookie.reset
 0001:0005F4EC       c2500cookie.setcookie
 0001:0005F5E8       c2500cookie.StatusRestore
 0001:0005F588       c2500cookie.StatusSave
 0001:000600EC       C2500Lance.create
 0001:00060144       C2500Lance.destroy
 0001:00060020       C2500Lance.InterfaceRead16
 0001:00060060       C2500Lance.InterfaceWrite16
 0001:00060154       C2500Lance.SetInterruptController
 0001:000600B0       C2500Lance.SingleStetp
 0001:000601B4       C2500Lance.StatusRestore
 0001:00060158       C2500Lance.StatusSave
 0001:0005FAD8       c2500nvram.create
 0001:0005FA84       c2500nvram.InterfaceRead16
 0001:0005FA58       c2500nvram.InterfaceRead8
 0001:0005FAA4       c2500nvram.InterfaceWrite16
 0001:0005FA6C       c2500nvram.InterfaceWrite8
 0001:0005FB00       c2500nvram.Load_NVRAMImage
 0001:0005FB20       c2500nvram.reset
 0001:0005FB8C       c2500nvram.StatusRestore
 0001:0005FB30       c2500nvram.StatusSave
 0001:0005FB28       c2500nvram.unlockNVRAM
 0001:0005F878       c2500sysregs.create
 0001:0005F81C       c2500sysregs.InterfaceRead16
 0001:0005F7F0       c2500sysregs.InterfaceRead8
 0001:0005F844       c2500sysregs.InterfaceWrite16
 0001:0005F818       c2500sysregs.InterfaceWrite8
 0001:0005F6DC       c2500sysregs.MemoryMapZone
 0001:0005F8B4       c2500sysregs.reset
 0001:0005F900       c2500sysregs.setint
 0001:0005F8AC       c2500sysregs.SetInterruptController
 0001:0005F968       c2500sysregs.StatusRestore
 0001:0005F908       c2500sysregs.StatusSave
 0001:0005F718       c2500sysregs.update_status
 0001:0005F798       c2500sysregs.validate
 0001:0005FD50       c2500timer.create
 0001:0005FD24       c2500timer.InterfaceRead16
 0001:0005FCDC       c2500timer.InterfaceRead8
 0001:0005FCEC       c2500timer.InterfaceWrite16
 0001:0005FCD0       c2500timer.InterfaceWrite8
 0001:0005FE84       c2500timer.reset
 0001:0005FD78       c2500timer.SetCPUCyclescCounter
 0001:0005FD7C       c2500timer.SetInterruptController
 0001:0005FF2C       c2500timer.StatusRestore
 0001:0005FEBC       c2500timer.StatusSave
 0001:0005FD80       c2500timer.tick
 0001:0001BEB8       CalcJmpOffset
 0001:0003DC18       CalcSplitterPos
 0001:00005E58       CallNextHookEx
 0001:0000A2FC       CallTerminateProcs
 0001:00005E60       CallWindowProc
 0001:00031C24       CancelDrag
 0002:00002BB8       CanvasList
 0002:00002A84       CanvasList
 0002:000008F0       Captions
 0002:00000A20       CaptureControl
 0002:00000AC4       cBooleanToItemAutoFlag
 0002:0000044C       CBooleanToRelationship
 0002:00002B46       CF_COMPONENT
 0002:00002B44       CF_PICTURE
 0002:00002E00       ch
 0002:0000286C       ChangeAnyProc
 0001:000301DC       ChangeBiDiModeAlignment
 0001:0000B9C8       ChangeSourceAny
 0002:0000083C       CharCases
 0001:00003738       CharFromWChar
 0001:00009AF4       CharLength
 0001:00000288       CharNext
 0001:00005E68       CharNext
 0001:0001DB1C       CharsetToIdent
 0001:0001FF68       CheckBool
 0001:00062110       CheckError
 0001:00002C84       CheckJmp
 0001:00005E70       CheckMenuItem
 0002:00000B14       Checks
 0001:00061B44       CheckSocketResult
 0001:0001A85C       CheckSynchronize
 0001:00049DCC       CheckTaskWindow
 0001:0000CDE4       CheckType
 0001:0000D9A0       CheckType
 0001:000318D8       CheckUndock
 0002:00000448       CInvalidCustomVariantType
 0001:00060310       Cisco2500.intit
 0001:000602F4       Cisco2500.xbuf
 0001:00060B90       Cisco_2500
 0002:00000AC8       cItemAutoFlagToBoolean
 0002:00000AC0       cItemAutoFlagToMenu
 0001:0001C100       Classes
 0001:00012470       ClassNotFound
 0001:00061CA8       Cleanup
 0002:00002868       ClearAnyProc
 0001:0001D3EC       ClearColor
 0001:0000EC94       ClearVariantTypeList
 0001:00005E78       ClientToScreen
 0001:0003B200       ClientToWindow
 0002:000007BC       ClipboardFormats
 0001:0002D0CC       Clipbrd
 0001:00005A98       CloseHandle
 0001:00000228       CloseHandle
 0001:00060BC0       closesocket
 0002:0000203C       CmdLine
 0002:00002038       CmdShow
 0002:00000ABC       cMenuAutoFlagToItem
 0002:00000CC8       cmpopcodes
 0001:00012D3C       CollectionsEqual
 0002:00000554       Colors
 0001:0001D914       ColorToIdent
 0001:0001D904       ColorToRGB
 0002:00002BFC       CommandPool
 0001:000239FC       CommCtrl
 0001:0002C6B8       CommDlg
 0001:00000724       Commit
 0002:00002620       committedRoot
 0001:00042260       CompareFront
 0001:0000755C       CompareMem
 0001:0000752C       CompareStr
 0001:00005AA0       CompareString
 0001:0000757C       CompareText
 0001:00016738       ComponentCreated
 0001:00060BC8       connect
 0001:0001C3BC       Consts
 0001:00023908       Contnrs
 0002:00002B76       ControlAtom
 0002:00002B7C       ControlAtomString
 0001:0004EB5C       ControlHasHelp
 0001:0003E8B8       Controls
 0001:00008F6C       ConvertAddr
 0001:0000740C       ConvertErrorFmt
 0001:0005F678       cookie
 0001:00004964       CopyArray
 0001:00020A44       CopyBitmap
 0001:0002110C       CopyBitmapAsMask
 0001:000210A8       CopyPalette
 0001:00045210       CopyToBest
 0002:00002A60       CounterLock
 0001:00059CEC       cpu68k.abcd
 0001:0005CA00       cpu68k.AddDevice16
 0001:0005C9A8       cpu68k.AddDevice8
 0001:00057D24       cpu68k.addi_b
 0001:00057C9C       cpu68k.addi_l
 0001:00057C0C       cpu68k.addi_w
 0001:0005C43C       cpu68k.AddMemoryPage
 0001:0005B5B4       cpu68k.addq_b
 0001:0005B508       cpu68k.addq_l
 0001:0005B41C       cpu68k.addq_w
 0001:00054110       cpu68k.addrcalc
 0001:00059B08       cpu68k.addx_b_mem
 0001:000599DC       cpu68k.addx_b_regs
 0001:00059B9C       cpu68k.addx_l_mem
 0001:0005994C       cpu68k.addx_l_regs
 0001:00059A70       cpu68k.addx_w_mem
 0001:000598B4       cpu68k.addx_w_regs
 0001:0005D338       cpu68k.add_0x28
 0001:0005D364       cpu68k.add_0x30
 0001:0005D8D0       cpu68k.add_0x38
 0001:0005B9EC       cpu68k.add_b_Dn_ea
 0001:0005B96C       cpu68k.add_b_ea_Dn
 0001:0005B8D0       cpu68k.add_l_Dn_ea
 0001:0005B874       cpu68k.add_l_ea_An
 0001:0005B7F8       cpu68k.add_l_ea_Dn
 0001:0005B754       cpu68k.add_w_Dn_ea
 0001:0005B6E8       cpu68k.add_w_ea_An
 0001:0005B664       cpu68k.add_w_ea_Dn
 0001:00055760       cpu68k.anditoccr
 0001:00055738       cpu68k.anditosr
 0001:00057B7C       cpu68k.andi_b
 0001:00057AF4       cpu68k.andi_l
 0001:00057A64       cpu68k.andi_w
 0001:0005B37C       cpu68k.and_b_Dn_ea
 0001:0005B2FC       cpu68k.and_b_ea_Dn
 0001:0005B260       cpu68k.and_l_Dn_ea
 0001:0005B1E4       cpu68k.and_l_ea_Dn
 0001:0005B140       cpu68k.and_w_Dn_ea
 0001:0005B0BC       cpu68k.and_w_ea_Dn
 0001:00059590       cpu68k.asli_b
 0001:000594EC       cpu68k.asli_l
 0001:00059440       cpu68k.asli_w
 0001:000597DC       cpu68k.asl_b
 0001:00057DB4       cpu68k.asl_ea
 0001:00059710       cpu68k.asl_l
 0001:0005963C       cpu68k.asl_w
 0001:0005911C       cpu68k.asri_b
 0001:00059078       cpu68k.asri_l
 0001:00058FCC       cpu68k.asri_w
 0001:00059368       cpu68k.asr_b
 0001:00057DC0       cpu68k.asr_ea
 0001:0005929C       cpu68k.asr_l
 0001:000591C8       cpu68k.asr_w
 0001:0005BE8C       cpu68k.bcc
 0001:0005B020       cpu68k.bchg
 0001:00057A58       cpu68k.bchgi
 0001:0005B014       cpu68k.bclr
 0001:00057938       cpu68k.bclri
 0001:0005792C       cpu68k.bfchg
 0001:0005782C       cpu68k.bfclr
 0001:00057758       cpu68k.bfexts
 0001:00057684       cpu68k.bfextu
 0001:00057678       cpu68k.bfffo
 0001:000540F8       cpu68k.bfGETs
 0001:000540E0       cpu68k.bfGETu
 0001:00057524       cpu68k.bfins
 0001:00057518       cpu68k.bfset
 0001:00057470       cpu68k.bftst
 0001:00055B5C       cpu68k.bkpt
 0001:00059DAC       cpu68k.bra
 0001:0005B008       cpu68k.bset
 0001:00057334       cpu68k.bseti
 0001:00059CF8       cpu68k.bsr
 0001:0005AFB0       cpu68k.btst
 0001:00057280       cpu68k.btsti
 0001:000543A8       cpu68k.BuildTables
 0001:0005572C       cpu68k.cas2_l
 0001:00055720       cpu68k.cas2_w
 0001:00057274       cpu68k.cas_b
 0001:00057268       cpu68k.cas_l
 0001:0005725C       cpu68k.cas_w
 0001:00057250       cpu68k.chk2_b
 0001:00057244       cpu68k.chk2_l
 0001:00057238       cpu68k.chk2_w
 0001:0005AFA4       cpu68k.chk_l
 0001:0005AF98       cpu68k.chk_w
 0001:00057208       cpu68k.clr_b
 0001:000571D8       cpu68k.clr_l
 0001:000571A8       cpu68k.clr_w
 0001:0005719C       cpu68k.cmp2_b
 0001:00057190       cpu68k.cmp2_l
 0001:00057184       cpu68k.cmp2_w
 0001:0005712C       cpu68k.cmpi_b
 0001:000570E0       cpu68k.cmpi_l
 0001:00057088       cpu68k.cmpi_w
 0001:00058F60       cpu68k.cmpm_b
 0001:00058EFC       cpu68k.cmpm_l
 0001:00058E90       cpu68k.cmpm_w
 0001:0005AF30       cpu68k.cmp_b_ea_Dn
 0001:0005AED0       cpu68k.cmp_l_ea_An
 0001:0005AE74       cpu68k.cmp_l_ea_Dn
 0001:0005AE00       cpu68k.cmp_w_ea_An
 0001:0005AD98       cpu68k.cmp_w_ea_Dn
 0001:0005C7D8       cpu68k.ConditionTest
 0001:0005AD8C       cpu68k.cpbcc_16
 0001:0005AD80       cpu68k.cpbcc_32
 0001:00058E84       cpu68k.cpdbcc
 0001:0005AD74       cpu68k.cpgen
 0001:0005AD68       cpu68k.cprestore
 0001:0005AD5C       cpu68k.cpsave
 0001:0005AD50       cpu68k.cpscc
 0001:00058E78       cpu68k.cptrapcc
 0001:0005D234       cpu68k.CPUStatusRestore
 0001:0005D1A8       cpu68k.CPUStatusSave
 0001:0005437C       cpu68k.create
 0001:00059C38       cpu68k.dbcc
 0001:0005E3D4       cpu68k.DestinationOperand16
 0001:0005E53C       cpu68k.DestinationOperand32
 0001:0005E260       cpu68k.DestinationOperand8
 0001:0005707C       cpu68k.divl
 0001:0005AD44       cpu68k.divs
 0001:0005ACBC       cpu68k.divu
 0001:00056E14       cpu68k.divul
 0001:0005D130       cpu68k.dump
 0001:00055714       cpu68k.eoritoccr
 0001:00055708       cpu68k.eoritosr
 0001:00056D84       cpu68k.eori_b
 0001:00056CFC       cpu68k.eori_l
 0001:00056C6C       cpu68k.eori_w
 0001:0005BDEC       cpu68k.eor_b_Dn_ea
 0001:0005BD50       cpu68k.eor_l_Dn_ea
 0001:0005BCAC       cpu68k.eor_w_Dn_ea
 0001:0005CA74       cpu68k.except_exec
 0001:0005C54C       cpu68k.Execute
 0001:00058E2C       cpu68k.exg_An_Am
 0001:00058DE0       cpu68k.exg_An_Dm
 0001:00058D94       cpu68k.exg_Dn_Dm
 0001:00055AFC       cpu68k.ext_b_to_l
 0001:00055A74       cpu68k.ext_b_to_w
 0001:00055A14       cpu68k.ext_w_to_l
 0001:000554F0       cpu68k.fail
 0001:0005CC84       cpu68k.fakeResetIO
 0001:0005C460       cpu68k.Fetch
 0001:000542E0       cpu68k.Getbyte
 0001:000542FC       cpu68k.Getlongword
 0001:000542EC       cpu68k.Getword
 0001:000556FC       cpu68k.illegal
 0001:0005CA64       cpu68k.InstallIntCtrl
 0001:0005C448       cpu68k.Interrupt
 0001:00056C48       cpu68k.jmp
 0001:0005E680       cpu68k.jmpOperand
 0001:00056C00       cpu68k.jsr
 0001:0005AC8C       cpu68k.lea
 0001:000559B8       cpu68k.linkl
 0001:0005594C       cpu68k.linkw
 0001:000540DC       cpu68k.lo16
 0001:00058A70       cpu68k.lsli_b
 0001:000589CC       cpu68k.lsli_l
 0001:00058920       cpu68k.lsli_w
 0001:00058CBC       cpu68k.lsl_b_Dn_Dm
 0001:00056BF4       cpu68k.lsl_ea
 0001:00058BF0       cpu68k.lsl_l_Dn_Dm
 0001:00058B1C       cpu68k.lsl_w_Dn_Dm
 0001:000585FC       cpu68k.lsri_b
 0001:00058558       cpu68k.lsri_l
 0001:000584AC       cpu68k.lsri_w
 0001:00058848       cpu68k.lsr_b_Dn_Dm
 0001:00056BE8       cpu68k.lsr_ea
 0001:0005877C       cpu68k.lsr_l_Dn_Dm
 0001:000586A8       cpu68k.lsr_w_Dn_Dm
 0001:0005C024       cpu68k.MemoryRead16
 0001:0005C0F0       cpu68k.MemoryRead32
 0001:0005BF54       cpu68k.MemoryRead8
 0001:0005C254       cpu68k.MemoryWrite16
 0001:0005C348       cpu68k.MemoryWrite32
 0001:0005C164       cpu68k.MemoryWrite8
 0001:00055790       cpu68k.movec
 0001:00056BDC       cpu68k.movefromccr
 0001:00056BC4       cpu68k.movefromsr
 0001:00056ACC       cpu68k.movem_l_to_mem
 0001:000569F8       cpu68k.movem_l_to_regs
 0001:000568E8       cpu68k.movem_w_to_mem
 0001:0005680C       cpu68k.movem_w_to_regs
 0001:00057DF0       cpu68k.movep_l_to_mem
 0001:00057DE4       cpu68k.movep_l_to_regs
 0001:00057DD8       cpu68k.movep_w_to_mem
 0001:00057DCC       cpu68k.movep_w_to_regs
 0001:0005BAD4       cpu68k.moveq
 0001:00056800       cpu68k.moves_b
 0001:000567F4       cpu68k.moves_l
 0001:000567E8       cpu68k.moves_w
 0001:000567DC       cpu68k.movetoccr
 0001:000567B4       cpu68k.movetosr
 0001:00055B84       cpu68k.moveusp
 0001:0005BC3C       cpu68k.move_b
 0001:0005BBD0       cpu68k.move_l
 0001:0005BB2C       cpu68k.move_w
 0001:00056680       cpu68k.mulsl
 0001:0005AC08       cpu68k.mulsw
 0001:00056540       cpu68k.mulul
 0001:0005AB84       cpu68k.muluw
 0001:00056534       cpu68k.nbcd
 0001:00056334       cpu68k.negx_b
 0001:000562AC       cpu68k.negx_l
 0001:00056220       cpu68k.negx_w
 0001:000564B8       cpu68k.neg_b
 0001:00056440       cpu68k.neg_l
 0001:000563C0       cpu68k.neg_w
 0001:000556F8       cpu68k.nop
 0001:000561A4       cpu68k.not_b
 0001:0005612C       cpu68k.not_l
 0001:000560AC       cpu68k.not_w
 0001:000556EC       cpu68k.oritoccr
 0001:000556BC       cpu68k.oritosr
 0001:0005601C       cpu68k.ori_b
 0001:00055F94       cpu68k.ori_l
 0001:00055F04       cpu68k.ori_w
 0001:0005AAE4       cpu68k.or_b_Dn_ea
 0001:0005AA64       cpu68k.or_b_ea_Dn
 0001:0005A9C8       cpu68k.or_l_Dn_ea
 0001:0005A94C       cpu68k.or_l_ea_Dn
 0001:0005A8A8       cpu68k.or_w_Dn_ea
 0001:0005A824       cpu68k.or_w_ea_Dn
 0001:00059CE0       cpu68k.pack
 0001:00055EDC       cpu68k.pea
 0001:00055ED0       cpu68k.pflush
 0001:00055EC4       cpu68k.pload
 0001:00055EB8       cpu68k.pmove
 0001:00055EAC       cpu68k.ptest
 0001:00054320       cpu68k.Putbyte
 0001:00054354       cpu68k.Putlongword
 0001:00054338       cpu68k.Putword
 0001:000542CC       cpu68k.RegModSwap
 0001:000556A8       cpu68k.resetmc68k
 0001:0005D2C0       cpu68k.RestoreMemory
 0001:00054170       cpu68k.rol16
 0001:00054188       cpu68k.rol32
 0001:0005415C       cpu68k.rol8
 0001:000581FC       cpu68k.roli_b
 0001:00058158       cpu68k.roli_l
 0001:000580AC       cpu68k.roli_w
 0001:00058400       cpu68k.rol_b
 0001:00055EA0       cpu68k.rol_ea
 0001:00058358       cpu68k.rol_l
 0001:000582A8       cpu68k.rol_w
 0001:00054130       cpu68k.ror16
 0001:00054148       cpu68k.ror32
 0001:0005411C       cpu68k.ror8
 0001:00057EA4       cpu68k.rori_b
 0001:00057E98       cpu68k.rori_l
 0001:00057E8C       cpu68k.rori_w
 0001:00058000       cpu68k.ror_b
 0001:00055E94       cpu68k.ror_ea
 0001:00057F5C       cpu68k.ror_l
 0001:00057EB0       cpu68k.ror_w
 0001:00057E5C       cpu68k.roxli_b
 0001:00057E50       cpu68k.roxli_l
 0001:00057E44       cpu68k.roxli_w
 0001:00057E80       cpu68k.roxl_b
 0001:00055E88       cpu68k.roxl_ea
 0001:00057E74       cpu68k.roxl_l
 0001:00057E68       cpu68k.roxl_w
 0001:00057E14       cpu68k.roxri_b
 0001:00057E08       cpu68k.roxri_l
 0001:00057DFC       cpu68k.roxri_w
 0001:00057E38       cpu68k.roxr_b
 0001:00055E7C       cpu68k.roxr_ea
 0001:00057E2C       cpu68k.roxr_l
 0001:00057E20       cpu68k.roxr_w
 0001:0005569C       cpu68k.rtd
 0001:00055578       cpu68k.rte
 0001:0005556C       cpu68k.rtr
 0001:00055538       cpu68k.rts
 0001:00054270       cpu68k.sal16
 0001:00054288       cpu68k.sal32
 0001:0005425C       cpu68k.sal8
 0001:00054230       cpu68k.sar16
 0001:00054248       cpu68k.sar32
 0001:0005421C       cpu68k.sar8
 0001:0005CCA4       cpu68k.savestat
 0001:00059CD4       cpu68k.sbcd
 0001:0005BA8C       cpu68k.scc
 0001:0005CC88       cpu68k.setResetio
 0001:000541F0       cpu68k.shl16
 0001:00054208       cpu68k.shl32
 0001:000541DC       cpu68k.shl8
 0001:000541B0       cpu68k.shr16
 0001:000541C8       cpu68k.shr32
 0001:0005419C       cpu68k.shr8
 0001:0005429C       cpu68k.Signext16
 0001:000542B4       cpu68k.Signext8
 0001:0005DFF0       cpu68k.SourceOperand16
 0001:0005E128       cpu68k.SourceOperand32
 0001:0005DE9C       cpu68k.SourceOperand8
 0001:00055530       cpu68k.stop
 0001:00055DEC       cpu68k.subi_b
 0001:00055D64       cpu68k.subi_l
 0001:00055CD4       cpu68k.subi_w
 0001:0005A314       cpu68k.subq_b
 0001:0005A268       cpu68k.subq_l
 0001:0005A178       cpu68k.subq_w
 0001:0005A0E4       cpu68k.subx_b_mem
 0001:0005A058       cpu68k.subx_b_regs
 0001:00059FC8       cpu68k.subx_l_mem
 0001:00059F44       cpu68k.subx_l_regs
 0001:00059EAC       cpu68k.subx_w_mem
 0001:00059E20       cpu68k.subx_w_regs
 0001:0005A784       cpu68k.sub_b_Dn_ea
 0001:0005A704       cpu68k.sub_b_ea_Dn
 0001:0005A668       cpu68k.sub_l_Dn_ea
 0001:0005A60C       cpu68k.sub_l_ea_An
 0001:0005A590       cpu68k.sub_l_ea_Dn
 0001:0005A4EC       cpu68k.sub_w_Dn_ea
 0001:0005A480       cpu68k.sub_w_ea_An
 0001:0005A3FC       cpu68k.sub_w_ea_Dn
 0001:000558E8       cpu68k.swap
 0001:00055C60       cpu68k.tas
 0001:00055B68       cpu68k.trap
 0001:00059C2C       cpu68k.trapcc
 0001:0005BF48       cpu68k.trapcc_l
 0001:0005BF3C       cpu68k.trapcc_w
 0001:00055524       cpu68k.trapv
 0001:00055C28       cpu68k.tst_b
 0001:00055BF4       cpu68k.tst_l
 0001:00055BBC       cpu68k.tst_w
 0001:00055898       cpu68k.unlk
 0001:00059CC8       cpu68k.unpk
 0001:0005C564       cpu68k.update_ccr
 0001:0005CA58       cpu68k.warpround
 0001:000094A0       CreateAssertException
 0001:00009628       CreateAVObject
 0001:00005C90       CreateBitmap
 0001:00005C98       CreateBrushIndirect
 0001:00005CA0       CreateCompatibleBitmap
 0001:00005CA8       CreateCompatibleDC
 0001:000167B8       CreateComponent
 0001:00005CB8       CreateDIBitmap
 0001:00005CB0       CreateDIBSection
 0001:00005AA8       CreateEvent
 0001:00005AB0       CreateFile
 0001:00000230       CreateFileA
 0001:00005CC0       CreateFontIndirect
 0001:00005CC8       CreateHalftonePalette
 0001:00005E80       CreateIcon
 0001:000093CC       CreateInOutError
 0001:00005E88       CreateMenu
 0001:00005CD0       CreatePalette
 0001:00005CD8       CreatePenIndirect
 0001:00005E90       CreatePopupMenu
 0001:00005CE0       CreateSolidBrush
 0001:0001F548       CreateSystemPalette
 0001:00000290       CreateThread
 0001:00005AB8       CreateThread
 0001:000063B0       CreateWindow
 0001:00005E98       CreateWindowEx
 0002:00000960       CreationControl
 0002:000008E8       CreationControl
 0002:00000458       CRelationshipToBoolean
 0002:000008D8       CSHREDRAW
 0002:0000010C       cSimpleBoolStrs
 0002:00000A5C       Ctl3DStyles
 0002:00002618       curAlloc
 0002:00002738       CurrencyDecimals
 0002:00002734       CurrencyFormat
 0002:00002730       CurrencyString
 0002:00000C44       CursorMap
 0002:00000970       Cursors
 0001:000304D8       CursorToIdent
 0002:00000C34       cUseAlpha
 0002:00000C3C       cUseColorKey
 0002:000002D4       CVarTypeToElementInfo
 0002:000008E0       Data
 0002:00002739       DateSeparator
 0002:00000148       DCon10
 0002:00000550       DDBsOnly
 0001:0001C030       DeallocateHWnd
 0002:00000014       DebugHook
 0002:00002737       DecimalSeparator
 0001:0000E5B8       DecIndices
 0001:000007B8       Decommit
 0001:00000DD4       DecommitFree
 0002:000025F4       decommittedRoot
 0001:0004C8B0       Default
 0001:00051DA8       Default
 0002:0000000C       Default8087CW
 0002:00000964       DefaultDockTreeClass
 0002:00000020       DefaultTextLineBreakStyle
 0002:0000078C       DefBrushData
 0002:00000524       DefFontData
 0001:00005EA0       DefFrameProc
 0002:000001C8       DefLongDayNames
 0002:0000017C       DefLongMonthNames
 0001:00005EA8       DefMDIChildProc
 0002:0000076C       DefPenData
 0002:000001AC       DefShortDayNames
 0002:0000014C       DefShortMonthNames
 0001:00005EB0       DefWindowProc
 0001:00004CC4       DelayLoadResourceModule
 0001:00000474       DeleteBlock
 0001:000003E4       DeleteCriticalSection
 0001:00005AC0       DeleteCriticalSection
 0001:00005CE8       DeleteDC
 0001:00000C1C       DeleteFree
 0001:00005EB8       DeleteMenu
 0001:00005CF0       DeleteObject
 0001:00020600       DeselectBitmap
 0001:00005EC0       DestroyCursor
 0001:00005EC8       DestroyIcon
 0001:00005ED0       DestroyMenu
 0001:00005ED8       DestroyWindow
 0001:0002DC80       DialogEnumerationTester
 0001:0002D064       Dialogs
 0002:000007C8       DIBPalSizes
 0002:0000009C       dig
 0001:00049C20       DisableTaskWindows
 0001:00005EE0       DispatchMessage
 0001:0004FDC4       DispatchShortCut
 0002:00002000       DispCallByIDProc
 0001:0002CA2C       Dlgs
 0001:00051098       DoAlign
 0001:000360D8       DoAlign
 0001:0003A034       DoCalcConstraints
 0002:00002BAC       DockSiteList
 0001:00045E30       DoClick
 0001:00037760       DoControlMsg
 0001:00049BD0       DoDisableWindow
 0001:00031204       DoDragOver
 0001:00007450       DoExitProc
 0001:0003BEEC       DoFindControlZone
 0001:00049D0C       DoFindWindow
 0001:0003C478       DoFindZone
 0001:0003BF70       DoForEach
 0001:0003D87C       DoGetNextLimit
 0001:00049B98       DoneApplication
 0001:0003E5E0       DoneControls
 0001:00009954       DoneExceptions
 0001:0004E1B8       DoNestedActivation
 0001:00035CAC       DoPosition
 0001:00050EE8       DoPosition
 0001:0003CEA4       DoPrune
 0001:0003D37C       DoSaveZone
 0001:0003D580       DoSetNewBounds
 0002:00000474       DotSep
 0001:00040B08       DoWrite
 0001:00013E90       DoWrite
 0001:000201C0       DoWrite
 0001:00036DD0       DoWriteDesignSize
 0001:00034884       DoWriteIsControl
 0002:00002B90       DragCapture
 0002:00002B84       DragControl
 0001:0003194C       DragDone
 0001:000311B4       DragFindTarget
 0001:00031188       DragFindWindow
 0002:00002BA8       DragImageList
 0001:000315A4       DragInit
 0001:00031714       DragInitControl
 0002:00002B8C       DragInternalObject
 0001:000310E8       DragMessage
 0002:00002B88       DragObject
 0002:00002BB4       DragSave
 0002:00002B9C       DragSaveCursor
 0002:00002B94       DragStartPos
 0002:00002BA0       DragThreshold
 0001:000312D4       DragTo
 0001:00051DE4       DrawAppIcon
 0001:0003CA10       DrawCloseButton
 0001:00005EE8       DrawEdge
 0001:00005EF0       DrawFocusRect
 0001:00005EF8       DrawFrameControl
 0001:0003CA68       DrawGrabberLine
 0001:00005F00       DrawIcon
 0001:00005F08       DrawIconEx
 0002:00000A98       DrawingStyles
 0001:00005F10       DrawMenuBar
 0001:00047170       DrawMenuItem
 0001:00005F18       DrawText
 0001:00062798       DropStream
 0001:0001F018       DupBits
 0001:0000E564       DynArrayBounds
 0001:0000497C       DynArrayClear
 0001:0000E4DC       DynArrayDim
 0001:0000E4C0       DynArrayElTypeInfo
 0001:0000E9B8       DynArrayFromVariant
 0001:0000E480       DynArrayIndex
 0001:00004984       DynArraySetLength
 0001:0000E4F4       DynArraySize
 0001:0000E6A4       DynArrayToVariant
 0001:0000E624       DynArrayVariantBounds
 0001:0000E67C       DynArrayVarType
 0002:00000B84       EdgeStyle
 0002:00000A4C       EdgeStyles
 0001:000093A0       EHeapException.FreeInstance
 0002:00000858       Empty
 0002:00002854       EmptyParam
 0002:000000C4       EmptyStr
 0002:000000C8       EmptyWideStr
 0001:00005F20       EnableMenuItem
 0002:00000B1C       Enables
 0001:00005F28       EnableScrollBar
 0001:00049CD4       EnableTaskWindows
 0001:00005F30       EnableWindow
 0001:00012B08       EndGlobalLoading
 0001:00005F38       EndPaint
 0001:00003610       EndThread
 0001:000003D4       EnterCriticalSection
 0001:00005AC8       EnterCriticalSection
 0001:00005AD0       EnumCalendarInfoA
 0002:00002AB4       EnumDisplayMonitors
 0001:00008BE0       EnumEraNames
 0001:00008C1C       EnumEraYearOffsets
 0001:0004CDAC       EnumMonitorsProc
 0001:00005F40       EnumThreadWindows
 0001:00005F48       EnumWindows
 0001:00005F50       EqualRect
 0002:00002800       EraNames
 0002:0000281C       EraYearOffsets
 0002:00000094       errCaption
 0001:00001888       Error
 0001:000158A4       Error
 0001:00012034       Error
 0001:00041FB0       Error
 0002:00000004       ErrorAddr
 0001:0000183C       ErrorAt
 0001:0000944C       ErrorHandler
 0002:000001E4       ErrorMap
 0002:00002008       ErrorProc
 0002:000023E4       ErrOutput
 0001:000017DC       ExceptAddr
 0002:0000200C       ExceptClsProc
 0001:000098C0       ExceptHandler
 0001:00009214       Exception.Create
 0001:00009250       Exception.CreateFmt
 0001:000092D0       Exception.CreateRes
 0001:0000930C       Exception.CreateResFmt
 0002:0000201C       ExceptionClass
 0001:00008F78       ExceptionErrorMessage
 0002:0000021C       ExceptMap
 0001:000017BC       ExceptObject
 0002:00002010       ExceptObjProc
 0002:00002004       ExceptProc
 0001:00005CF8       ExcludeClipRect
 0002:00000000       ExitCode
 0001:000033E8       ExitDll
 0002:00002044       ExitProc
 0001:000002A0       ExitProcess
 0002:00002024       ExitProcessProc
 0002:00000108       ExitProcList
 0001:00000298       ExitThread
 0001:0002C9D8       ExtCtrls
 0002:000008B8       ExtendSelects
 0001:00007B98       ExtractFileName
 0001:0000CD54       Failure
 0002:0000283C       FalseBoolStrs
 0002:00002B4C       FClipboard
 0002:0000013C       FCon1E18
 0001:00060B98       FD_SET
 0001:00060BA8       FD_ZERO
 0001:0005E838       Fifo.clear
 0001:0005E844       Fifo.create
 0001:0005E7B4       Fifo.empty
 0001:0005E7CC       Fifo.full
 0001:0005E800       Fifo.get
 0001:0005E7D8       Fifo.put
 0001:0005E89C       Fifo4bits
 0001:00007B10       FileClose
 0001:00007A78       FileCreate
 0001:00007A54       FileCreate
 0002:000007C0       FileFormats
 0002:00000008       FileMode
 0001:00001A2C       FileNOPProc
 0001:000079F8       FileOpen
 0001:00007A80       FileRead
 0002:000004A0       FilerSignature
 0001:00007AD8       FileSeek
 0001:00007AAC       FileWrite
 0001:00000D04       FillAfterGap
 0001:00000CB0       FillBeforeGap
 0001:00000D9C       FillerSizeAfterGap
 0001:00000D2C       FillerSizeBeforeGap
 0001:00005F58       FillRect
 0001:00023440       Finalization
 0001:00025274       Finalization
 0001:00061060       Finalization
 0001:0002523C       Finalization
 0001:000251F0       Finalization
 0001:0002418C       Finalization
 0001:00023620       Finalization
 0001:000238D8       Finalization
 0001:0002414C       Finalization
 0001:00010264       Finalization
 0001:0001020C       Finalization
 0001:000239CC       Finalization
 0001:0000F460       Finalization
 0001:0000F0D0       Finalization
 0001:0005E728       Finalization
 0001:000064DC       Finalization
 0001:00006514       Finalization
 0001:000067E4       Finalization
 0001:00053F84       Finalization
 0001:0005E86C       Finalization
 0001:0001C058       Finalization
 0001:0001C38C       Finalization
 0001:00060C70       Finalization
 0001:00064124       Finalization
 0001:00025598       Finalization
 0001:0002C538       Finalization
 0001:0002C570       Finalization
 0001:0002C5A8       Finalization
 0001:0002C5E0       Finalization
 0001:0002C618       Finalization
 0001:0002C650       Finalization
 0001:00047450       Finalization
 0001:0002C688       Finalization
 0001:0002C9A8       Finalization
 0001:0002C9FC       Finalization
 0001:0005EA80       Finalization
 0001:0002D008       Finalization
 0001:0004104C       Finalization
 0001:00005A48       Finalization
 0001:000059D0       Finalization
 0001:0003FB68       Finalization
 0001:0002D090       Finalization
 0001:0003E850       Finalization
 0001:0002D124       Finalization
 0001:0005F220       Finalization
 0001:0002D28C       Finalization
 0001:00005800       Finalization
 0001:0002DEB0       Finalization
 0001:0005F648       Finalization
 0001:00066A6C       Finalization
 0001:00066AA4       Finalization
 0001:00060B60       Finalization
 0001:0005F9C8       Finalization
 0001:0000AE3C       Finalization
 0001:0000B09C       Finalization
 0001:00060210       Finalization
 0001:0005FF90       Finalization
 0001:0005FBE8       Finalization
 0001:00004974       FinalizeArray
 0001:00003240       FinalizeUnits
 0001:00045BF0       Find
 0001:000189D0       FindAncestor
 0001:00004D34       FindBS
 0001:00012530       FindClass
 0001:00004CBC       FindClassHInstance
 0001:000002B0       FindClose
 0001:00000C80       FindCommitted
 0001:000302D8       FindControl
 0001:0003C6A4       FindControlAtPos
 0001:0000EFD4       FindCustomVariantType
 0001:0000EF34       FindCustomVariantType
 0001:00031C70       FindDragTarget
 0001:00016968       FindExistingComponent
 0001:000002B8       FindFirstFile
 0001:00012998       FindGlobalComponent
 0001:00049E18       FindGlobalComponent
 0002:000029F8       FindGlobalComponentProcs
 0001:00004C94       FindHInstance
 0001:00012840       FindIdentToInt
 0001:000127C4       FindIntToIdent
 0002:00002B40       FindMsg
 0001:00015C50       FindNestedComponent
 0001:00041F78       FindPopupControl
 0001:00005AD8       FindResource
 0001:00004D0C       FindResourceHInstance
 0001:0005385C       FindScanline
 0001:0002C1AC       FindString
 0001:00049D70       FindTopMostWindow
 0001:00017798       FindUniqueName
 0001:00031C3C       FindVCLWindow
 0001:00005F60       FindWindow
 0001:0002DCD8       FindWinHelp
 0001:000209F8       FixupBitFields
 0002:00000B94       Flags
 0002:0000284C       FLanguages
 0001:000255C8       FlatSB
 0002:00002AE0       FlatSB_EnableScrollBar
 0002:00002AEC       FlatSB_GetScrollInfo
 0002:00002AF0       FlatSB_GetScrollPos
 0002:00002AE8       FlatSB_GetScrollRange
 0002:00002AF8       FlatSB_SetScrollInfo
 0002:00002AF4       FlatSB_SetScrollPos
 0001:000252B8       FlatSB_SetScrollProp
 0002:00002AFC       FlatSB_SetScrollRange
 0002:00002AE4       FlatSB_ShowScrollBar
 0001:00008794       FloatToDecimal
 0001:000084BC       FloatToText
 0001:00001CF8       Flush
 0001:000083B8       FmtStr
 0002:00000BAC       FocusCount
 0002:00000BA8       FocusMessages
 0002:000006DC       FontCharsets
 0002:00002A78       FontManager
 0001:00049DEC       ForegroundTask
 0002:00002DE4       Form1
 0001:000083A4       Format
 0001:00007F10       FormatBuf
 0001:00007F04       FormatClearStr
 0001:00007E98       FormatError
 0002:00000134       FormatErrorStrs
 0001:00005AE0       FormatMessage
 0001:00007EF0       FormatVarToStr
 0001:00053FE0       Forms
 0001:00002398       FPower10
 0002:00000810       FPrinter
 0001:00005F68       FrameRect
 0001:0000AA1C       FreeAndNil
 0001:000009EC       FreeCommitted
 0001:00000F0C       FreeCurAlloc
 0001:00031D30       FreeDeviceContext
 0001:00031DEC       FreeDeviceContexts
 0001:0001BE24       FreeIntConstList
 0001:000002C0       FreeLibrary
 0001:00005AE8       FreeLibrary
 0001:00020554       FreeMemoryContexts
 0001:0001BF58       FreeObjectInstance
 0001:00005AF0       FreeResource
 0001:0000066C       FreeSpace
 0001:0000A318       FreeTerminateProcs
 0001:0001F008       GDICheck
 0001:0001EF60       GDIError
 0001:00005AF8       GetACP
 0001:00005F70       GetActiveWindow
 0001:00051574       GetAnimation
 0001:00005D00       GetBitmapBits
 0001:000003EC       GetBlockDesc
 0001:00005D08       GetBrushOrgEx
 0001:00005F78       GetCapture
 0001:00030580       GetCaptureControl
 0001:000124DC       GetClass
 0001:00005F80       GetClassInfo
 0001:00005F88       GetClassName
 0001:00005F90       GetClientRect
 0001:00005D10       GetClipBox
 0001:00000388       GetCmdShow
 0001:0003FD30       GetColor
 0001:000002C8       GetCommandLine
 0001:00000838       GetCommitted
 0001:000008C8       GetCommittedAt
 0001:00019818       GetComponentValue
 0001:00037314       GetControlAtPos
 0001:00005B00       GetCPInfo
 0001:00005D18       GetCurrentPositionEx
 0001:00005B08       GetCurrentProcessId
 0001:00000380       GetCurrentThreadId
 0001:00005B10       GetCurrentThreadId
 0001:00006324       GetCurrentTime
 0001:00005F98       GetCursor
 0001:0005386C       GetCursorHeightMargin
 0001:00005FA0       GetCursorPos
 0001:00005FA8       GetDC
 0001:00005FB0       GetDCEx
 0001:00005D20       GetDCOrgEx
 0001:00023050       GetDefFontCharSet
 0001:000137E0       GetDesigner
 0001:00005FB8       GetDesktopWindow
 0001:00005D38       GetDeviceCaps
 0001:0001FF50       GetDIB
 0001:00005D28       GetDIBColorTable
 0001:00005D30       GetDIBits
 0001:0001FE98       GetDIBSizes
 0001:0001F178       GetDInColors
 0001:00005B18       GetDiskFreeSpaceA
 0002:00000104       GetDiskFreeSpaceEx
 0001:0003D95C       GetDockAlign
 0001:00030F2C       GetDockSiteAtPos
 0001:00031240       GetDropCtl
 0001:00002A0C       GetDynaMethod
 0001:0000F4D0       GetEnumName
 0001:0000F5C4       GetEnumNameValue
 0001:0000F610       GetEnumValue
 0001:00008C94       GetEraNamesAndYearOffsets
 0001:00009610       GetExceptionClass
 0001:000097F4       GetExceptionObject
 0001:00005B20       GetExitCodeThread
 0001:00012464       GetFieldClassTable
 0001:00000240       GetFileSize
 0001:00000238       GetFileType
 0001:0000FC98       GetFloatProp
 0001:00005FC0       GetFocus
 0001:0001DB3C       GetFontData
 0001:00005FC8       GetForegroundWindow
 0001:00009ED0       GetFormatSettings
 0001:0001D0E8       GetHashCode
 0001:0004EB94       GetHelpInfo
 0001:00024620       GetHelpSystem
 0001:00051358       GetHint
 0001:00051390       GetHintControl
 0001:00060C28       gethostbyname
 0001:000472F0       GetHotkey
 0001:00005FD0       GetIconInfo
 0001:000100B4       GetInt64Prop
 0001:00010118       GetInterfaceProp
 0001:00005FE8       GetKeyboardLayout
 0001:00005FF0       GetKeyboardLayoutList
 0001:00005FF8       GetKeyboardState
 0001:00002680       GetKeyboardType
 0001:00005FD8       GetKeyNameText
 0001:00005FE0       GetKeyState
 0001:00006000       GetLastActivePopup
 0001:0003BC24       GetLastChildZone
 0001:000002D0       GetLastError
 0001:00005B28       GetLastError
 0001:00008A58       GetLocaleChar
 0001:00005B30       GetLocaleInfo
 0001:000002D8       GetLocaleInfo
 0001:00008A0C       GetLocaleStr
 0001:0003053C       GetLongHint
 0001:0000F940       GetLongStrProp
 0001:00006008       GetMenu
 0001:0004EB1C       GetMenuHelpContext
 0001:00006010       GetMenuItemCount
 0001:00006018       GetMenuItemID
 0001:00006020       GetMenuItemInfo
 0001:0004443C       GetMenuSize
 0001:00006028       GetMenuState
 0001:00006030       GetMenuString
 0001:0001003C       GetMethodProp
 0001:000002E0       GetModuleFileName
 0001:00005B38       GetModuleFileName
 0001:000002E8       GetModuleHandle
 0001:000058C8       GetModuleHandle
 0001:00005B40       GetModuleHandle
 0002:00002AA8       GetMonitorInfo
 0002:00002AAC       GetMonitorInfoA
 0002:00002AB0       GetMonitorInfoW
 0001:00008ABC       GetMonthDayNames
 0001:00006038       GetNextWindow
 0001:00005D40       GetObject
 0001:0000F768       GetOrdProp
 0001:00005D48       GetPaletteEntries
 0001:00006040       GetParent
 0001:00049FE4       GetParentForm
 0001:00005D50       GetPixel
 0001:000002F0       GetProcAddress
 0001:00005B48       GetProcAddress
 0001:00006048       GetProp
 0001:0000F674       GetPropInfo
 0001:0000F6E4       GetPropInfos
 0001:0004A4A4       GetRealScrollPosition
 0001:0003FD10       GetRGBColor
 0001:00006050       GetScrollInfo
 0001:00006058       GetScrollPos
 0001:00006060       GetScrollRange
 0001:00060C30       getservbyname
 0001:000304F8       GetShortHint
 0001:0000F838       GetShortStrProp
 0001:0000F8D0       GetShortStrPropAsLongStr
 0001:00060BD0       getsockopt
 0001:00000590       GetSpace
 0001:000005F4       GetSpaceAt
 0001:00042008       GetSpecialName
 0001:000002F8       GetStartupInfo
 0001:00005B50       GetStdHandle
 0001:00000248       GetStdHandle
 0001:00005D58       GetStockObject
 0001:00005B58       GetStringTypeEx
 0001:0000FA70       GetStrProp
 0001:00006068       GetSubMenu
 0001:00006070       GetSysColor
 0001:00005B60       GetSystemInfo
 0001:00006078       GetSystemMenu
 0001:00006080       GetSystemMetrics
 0002:00002A98       GetSystemMetrics
 0001:00005D60       GetSystemPaletteEntries
 0001:00005D68       GetTextExtentPoint32
 0001:00005D70       GetTextMetrics
 0001:00000300       GetThreadLocale
 0001:00005B68       GetThreadLocale
 0001:00005B70       GetTickCount
 0001:000058F4       GetTlsSize
 0001:00051B18       GetTopMostWindows
 0001:00030688       GetTopParent
 0001:00006088       GetTopWindow
 0001:0000F4C4       GetTypeData
 0001:0000E0EC       GetVarArray
 0001:0000DFA0       GetVarDataArrayInfo
 0001:00004448       GetVariantManager
 0001:0000FFBC       GetVariantProp
 0001:00005B78       GetVersion
 0001:00005B80       GetVersionEx
 0001:0000FADC       GetWideStrProp
 0001:0000F9C0       GetWideStrPropAsLongStr
 0001:00006090       GetWindow
 0001:00006098       GetWindowDC
 0001:000060A0       GetWindowLong
 0001:00005D78       GetWindowOrgEx
 0001:000060A8       GetWindowPlacement
 0001:000060B0       GetWindowRect
 0001:000060B8       GetWindowText
 0001:000060C0       GetWindowThreadProcessId
 0001:000060C8       GetWindowThreadProcessId
 0001:00005B88       GlobalAddAtom
 0001:00005B90       GlobalAlloc
 0001:00006330       GlobalAllocPtr
 0001:00005B98       GlobalDeleteAtom
 0001:00005BA0       GlobalFindAtom
 0002:000029FC       GlobalFixupList
 0001:00015D98       GlobalFixupReferences
 0001:00005BA8       GlobalFree
 0001:0000635C       GlobalFreePtr
 0001:00005BB8       GlobalHandle
 0001:00005BB0       GlobalLock
 0002:000029E4       GlobalNameSpace
 0001:00005BC0       GlobalReAlloc
 0001:00006340       GlobalReAllocPtr
 0001:00005BC8       GlobalUnlock
 0002:00002924       GOldVariantManager
 0001:00023514       Graphics
 0001:00012658       GroupDescendentsWith
 0002:00002878       GVariantManager
 0001:00017030       HandleException
 0002:00000010       HeapAllocFlags
 0002:000025C0       heapErrorCode
 0002:000025C4       heapLock
 0001:00025234       HelpIntfs
 0002:00002AD4       HelpManager
 0002:00002B3C       HelpMsg
 0002:00002B64       HelpViewer
 0002:00000100       HexDisplayPrefix
 0002:00000848       HideSelections
 0001:0003D9D8       HideZone
 0002:00002714       HInstance
 0002:00002C14       HintDoneEvent
 0001:00051460       HintGetMsgHook
 0002:00002C18       HintHook
 0001:00051404       HintMouseThread
 0002:00002C1C       HintThread
 0002:00002C10       HintThreadID
 0001:000513B0       HintTimerProc
 0002:00000BA4       HintWindowClass
 0001:000514A4       HookHintHooks
 0001:00060BD8       htons
 0001:000063E4       HwndMSWheel
 0002:00000B38       IBreaks
 0002:00000B44       IChecks
 0001:0005EAB0       ictrl
 0002:00000B4C       IDefaults
 0001:0001DB2C       IdentToCharset
 0001:0001D924       IdentToColor
 0001:000304E8       IdentToCursor
 0001:000128BC       IdentToInt
 0002:00000B54       IEnables
 0001:000451E0       IfHotkeyAvailable
 0001:00023928       ImageList_Add
 0001:00023948       ImageList_AddIcon
 0001:0002396C       ImageList_BeginDrag
 0001:00023910       ImageList_Create
 0001:00023918       ImageList_Destroy
 0001:0002397C       ImageList_DragEnter
 0001:00023984       ImageList_DragLeave
 0001:0002398C       ImageList_DragMove
 0001:0002399C       ImageList_DragShowNolock
 0001:00023954       ImageList_Draw
 0001:0002395C       ImageList_DrawEx
 0001:00023974       ImageList_EndDrag
 0001:00023940       ImageList_GetBkColor
 0001:000239A4       ImageList_GetDragImage
 0001:000239BC       ImageList_GetIconSize
 0001:00023920       ImageList_GetImageCount
 0001:000239AC       ImageList_Read
 0001:00023964       ImageList_Remove
 0001:00023930       ImageList_ReplaceIcon
 0001:00023938       ImageList_SetBkColor
 0001:00023994       ImageList_SetDragCursorImage
 0001:000239C4       ImageList_SetIconSize
 0001:000239B4       ImageList_Write
 0002:00000AA8       Images
 0001:0004107C       ImgList
 0001:000241BC       Imm
 0002:00000A8C       IMM32DLL
 0001:0003E5CC       Imm32IsIME
 0001:0000B2F4       Increment
 0001:00060BE0       inet_addr
 0001:000060D0       InflateRect
 0001:00000A78       InitAllocator
 0001:00023A04       InitAnApi
 0002:00002AC0       InitApis
 0001:00012B64       InitComponent
 0002:00002630       InitContext
 0001:0003E668       InitControls
 0001:00023094       InitDefFontData
 0001:0000A338       InitDriveSpacePtr
 0001:000098D0       InitExceptions
 0001:00025314       InitFlatSB
 0001:0002CEB4       InitGlobals
 0001:0001FD50       InitializeBitmapInfoHeader
 0001:000003CC       InitializeCriticalSection
 0001:00005BD0       InitializeCriticalSection
 0002:000025BC       initialized
 0001:000252EC       InitializeFlatSB
 0001:00005980       InitializeModule
 0001:0003E26C       InitIMM32
 0001:00012C0C       InitInheritedComponent
 0001:00009CE4       InitLeadBytes
 0001:000240E0       InitMultiMonStubs
 0001:000099C0       InitPlatformId
 0002:00002040       InitProc
 0001:00053EF8       InitProcs
 0001:00023018       InitScreenLogPixels
 0001:00009D5C       InitSysLocale
 0001:000058FC       InitThreadTLS
 0001:000032A0       InitUnits
 0001:00004428       InitVariantManager
 0001:000301F0       InitWndProc
 0002:00000A2C       InnerStyles
 0001:000018C4       InOutError
 0002:0000204C       Input
 0001:00035C20       InsertBefore
 0001:00050E88       InsertBefore
 0001:00000E84       InsertFree
 0001:00045294       InsertHotkeyFarEastFormat
 0001:000060D8       InsertMenu
 0001:000060E0       InsertMenuItem
 0002:00002A20       InstBlockList
 0002:00002A24       InstFreeList
 0001:0000D9D8       Int64Compare
 0001:0000CFE0       Int64Op
 0001:0000D9C4       IntCompare
 0002:000029F0       IntConstList
 0002:000008C0       IntegralHeights
 0001:0000A3A0       InterlockedDecrement
 0001:00000378       InterlockedDecrement
 0001:0000A3AC       InterlockedExchange
 0001:0000A3B4       InterlockedExchangeAdd
 0001:0000A394       InterlockedIncrement
 0001:00000370       InterlockedIncrement
 0001:00001A6C       InternalClose
 0001:0001D074       InternalDeletePalette
 0001:00001CB0       InternalFlush
 0001:00000CE0       InternalFreeMem
 0001:0001FEA0       InternalGetDIB
 0001:0001FE34       InternalGetDIBSizes
 0001:000129FC       InternalReadComponentRes
 0001:00003AD4       InternalUniqueString
 0001:00005D80       IntersectClipRect
 0001:000060E8       IntersectRect
 0001:0000CEBC       IntOp
 0001:0005E93C       IntrCtrl.AddResets
 0001:0005E90C       IntrCtrl.create
 0001:0005E8FC       IntrCtrl.irq
 0001:0005E960       IntrCtrl.reset
 0001:0005EA08       IntrCtrl.StatusRestore
 0001:0005E990       IntrCtrl.StatusSave
 0001:000078CC       IntToHex
 0001:00007908       IntToHex
 0001:000128FC       IntToIdent
 0001:00007898       IntToStr
 0001:00007868       IntToStr
 0001:000060F0       InvalidateRect
 0001:0001EEF4       InvalidBitmap
 0001:0001EEDC       InvalidGraphic
 0001:0001EF00       InvalidIcon
 0001:0001EEC4       InvalidOperation
 0001:00011A0C       InvalidPoint
 0002:00002848       InvalidPointer
 0001:000028C4       InvokeImplGetter
 0001:00060BE8       ioctlsocket
 0001:000018D0       IOResult
 0002:00000B74       IOwnerDraw
 0002:00000B5C       IRadios
 0002:00000B6C       IRTL
 0001:00049F74       IsAccel
 0001:00046444       IsAccelChar
 0001:00030CE4       IsBeforeTargetWindow
 0001:000060F8       IsChild
 0002:00002048       IsConsole
 0001:00019988       IsDefault
 0001:0001970C       IsDefault
 0001:00019674       IsDefaultValue
 0001:000194A0       IsDefaultValue
 0001:00019F44       IsDefaultValue
 0001:00019E0C       IsDefaultValue
 0001:000195D0       IsDefaultValue
 0001:00019C18       IsDefaultValue
 0001:00031140       IsDelphiHandle
 0001:00006100       IsDialogMessage
 0001:0000E4FC       IsDynArrayRectangular
 0002:00000B64       ISeparators
 0001:00006108       IsIconic
 0001:000464A0       IsInitialChar
 0002:00002034       IsLibrary
 0002:00002049       IsMultiThread
 0001:0003B688       IsOrientationSet
 0001:00006110       IsRectEmpty
 0001:00030EE8       IsSiteChildOfClient
 0001:0000F738       IsStoredProp
 0001:000129D8       IsUniqueGlobalComponentName
 0002:000029E8       IsUniqueGlobalComponentNameProc
 0001:00007804       IsValidIdent
 0001:00009D44       IsWesternGroup
 0001:00006118       IsWindow
 0001:00006120       IsWindowEnabled
 0001:00006128       IsWindowVisible
 0001:00006130       IsZoomed
 0001:000423D4       Iterate
 0001:00042434       IterateMenus
 0002:00000018       JITEnable
 0001:00049F28       KeyboardStateToShiftState
 0001:00049EEC       KeyDataToShiftState
 0001:00049E98       KeysToShiftState
 0001:00006138       KillTimer
 0001:00007B48       LastDelimiter
 0001:00009C70       LCIDToCodePage
 0002:000000E0       LeadBytes
 0001:000003DC       LeaveCriticalSection
 0001:00005BD8       LeaveCriticalSection
 0002:00000024       LibModuleList
 0001:00005D88       LineTo
 0001:00031CB8       ListAdd
 0001:00060BF0       listen
 0001:00031CE0       ListRemove
 0002:000027FE       ListSeparator
 0001:00006140       LoadBitmap
 0001:00006148       LoadCursor
 0001:00006150       LoadIcon
 0001:00006158       LoadKeyboardLayout
 0001:00005BE0       LoadLibrary
 0001:00000308       LoadLibraryEx
 0001:00005BE8       LoadResource
 0001:00004F00       LoadResourceModule
 0001:000057A8       LoadResString
 0001:00006160       LoadString
 0001:00000310       LoadString
 0001:000058D0       LocalAlloc
 0001:000003AC       LocalAlloc
 0001:000003B4       LocalFree
 0001:00008A80       LocalGetLocaleStr
 0001:00005BF0       LockResource
 0002:00002740       LongDateFormat
 0002:000027D4       LongDayNames
 0002:00002788       LongMonthNames
 0002:00002754       LongTimeFormat
 0001:00064B7C       look4
 0001:000074F0       LowerCase
 0001:00005C80       lstrcpy
 0001:00000318       lstrcpyn
 0002:000029D0       LVarTypes
 0002:000029D4       LVarTypeSync
 0002:0000202C       MainInstance
 0002:00002030       MainThreadID
 0001:0000043C       MakeEmpty
 0001:0000338C       MakeErrorMessage
 0002:00000A78       MakeLast
 0001:00006318       MakeLong
 0001:000063A8       MakeLParam
 0001:0001BEC0       MakeObjectInstance
 0001:00006370       MakeROP4
 0001:00009590       MapException
 0001:000030B8       MapToRunError
 0001:00006168       MapVirtualKey
 0001:00006170       MapWindowPoints
 0002:00000AB0       Mask
 0001:00005D90       MaskBlt
 0001:00023650       Math
 0001:00023618       Max
 0001:0004C8FC       MaximizedChildren
 0001:0005E758       mc68k
 0001:00064850       memoAddChar
 0002:0000002C       MemoryManager
 0002:00000ACC       MenuKeyCaps
 0001:000474C0       Menus
 0001:0000048C       MergeBlockAfter
 0001:00000F58       MergeCommit
 0001:000002A8       MessageBox
 0001:00006178       MessageBox
 0001:00006544       Messages
 0001:00013404       Min
 0001:00023610       Min
 0001:00035568       MinVar
 0002:00002AC8       MMAvailable
 0002:00000A90       ModeMap
 0001:0004E528       ModifySystemMenu
 0002:000000AC       Module
 0002:00002709       ModuleIsCpp
 0002:00002708       ModuleIsLib
 0001:0001BE90       ModuleUnload
 0002:00000028       ModuleUnloadList
 0002:00002AA4       MonitorFromPoint
 0002:00002AA0       MonitorFromRect
 0002:00002A9C       MonitorFromWindow
 0002:00002B68       Mouse
 0001:000018F0       Move
 0001:00005D98       MoveToEx
 0001:00031D00       MoveWindowOrg
 0001:00006180       MsgWaitForMultipleObjects
 0002:00000ED4       mskopcodes
 0001:00005BF8       MulDiv
 0001:00000328       MultiByteToWideChar
 0002:000008C8       MultiColumns
 0001:0002417C       MultiMon
 0002:000008B0       MultiSelects
 0002:00002735       NegCurrFormat
 0001:00000FE4       NewCommit
 0001:00001010       NewCommitAt
 0002:00002B6C       NewStyleControls
 0001:0003B66C       NextVisibleZone
 0002:000004A4       NilMethod
 0002:0000001C       NoErrMsg
 0001:000431DC       NormalDraw
 0001:00002C70       NotifyAnyExcept
 0001:00013878       NotifyDesigner
 0001:00002C44       NotifyExcept
 0001:00002CA4       NotifyExceptFinally
 0001:00012AD8       NotifyGlobalLoading
 0001:00005200       NotifyModuleUnload
 0001:00002C20       NotifyNonDelphiException
 0001:00002C5C       NotifyOnExcept
 0001:00002C04       NotifyReRaise
 0001:00002CCC       NotifyTerminate
 0001:00002CE8       NotifyUnhandled
 0001:00045E20       NthParentOf
 0001:00060BF8       ntohs
 0001:0000F0BC       Null
 0001:0005FC18       nvram
 0001:00019940       ObjectAncestorMatch
 0001:000302A8       ObjectFromHWnd
 0002:00000850       OEMConverts
 0001:00006188       OemToAnsi
 0001:00006190       OffsetRect
 0001:000043C0       OleStrToStrVar
 0001:0000C840       OleVarFromAny
 0001:0000C8A4       OleVarFromVarArrayProc
 0001:00002024       OpenFile
 0001:0000198C       OpenText
 0002:000003F4       OpTypeMap
 0002:00000A70       OrientArray
 0002:00000A3C       OuterStyles
 0002:00002844       OutOfMemory
 0001:0001EF0C       OutOfResources
 0002:00002218       Output
 0001:00019800       OwnedBy
 0001:0002BD1C       PaintListBox
 0002:000007D0       Pal16
 0001:0001D458       PaletteChanged
 0001:0001F6F8       PaletteFromDIBColorTable
 0001:0001F79C       PaletteToDIBColorTable
 0002:000007CC       PalSize
 0001:0003BA50       ParentNotLast
 0002:0000082C       Passwords
 0001:00005DA0       PatBlt
 0002:00002A88       PatternManager
 0001:00006198       PeekMessage
 0002:00002A7C       PenManager
 0002:0000079C       PenModes
 0002:0000077C       PenStyles
 0001:00011994       Point
 0001:00005A24       Point
 0001:00011DCC       PointerInModule
 0001:00036DBC       PointsEqual
 0001:00006390       PointToSmallPoint
 0002:00002BF0       PopupList
 0001:000061A0       PostMessage
 0001:000061A8       PostQuitMessage
 0001:000252B0       Printers
 0002:000004DC       Priorities
 0001:0004FBC4       ProcessExecute
 0001:0004A1A4       ProcessHorz
 0001:0004FCC4       ProcessUpdate
 0001:0004A210       ProcessVert
 0002:00002A00       ProcPosted
 0001:00066CA4       Project1
 0001:00016094       PropertyNotFound
 0001:00017130       PropPathError
 0002:00000BD4       Props
 0001:00016088       PropValueError
 0001:000061B0       PtInRect
 0001:00008478       PutExponent
 0002:00002BB0       QualifyingSites
 0001:0000954C       RaiseAssertException
 0001:00000250       RaiseException
 0001:00015110       RaiseException
 0002:00002014       RaiseExceptionProc
 0001:0000A250       RaiseLastOSError
 0001:0003C7C0       ReadControlName
 0001:00018330       ReadCustomVariant
 0001:00016070       ReadError
 0001:00000258       ReadFile
 0001:00005C00       ReadFile
 0001:00001D10       ReadFileX
 0001:0001FA48       ReadIcon
 0002:00000834       ReadOnlys
 0001:0000DA14       RealCompare
 0001:00005DA8       RealizePalette
 0001:0000CE2C       RealOp
 0001:00016758       Recover
 0001:00005A08       Rect
 0001:000119BC       Rect
 0001:00005DB0       RectVisible
 0001:00060C00       recv
 0001:000061B8       RedrawWindow
 0002:00002870       RefAnyProc
 0001:00005A80       RegCloseKey
 0001:00000330       RegCloseKey
 0002:000029F4       RegGroups
 0001:00012550       RegisterClass
 0001:000061C0       RegisterClass
 0001:000061C8       RegisterClipboardFormat
 0001:00031088       RegisterDockSite
 0001:00012940       RegisterFindGlobalComponentProc
 0001:00012798       RegisterIntegerConsts
 0001:0000525C       RegisterModule
 0001:00024588       RegisterViewer
 0001:000061D0       RegisterWindowMessage
 0001:00005A88       RegOpenKeyEx
 0001:00000338       RegOpenKeyEx
 0001:00000340       RegQueryValueEx
 0001:00005A90       RegQueryValueEx
 0001:0002C5D8       RegStr
 0001:000061D8       ReleaseCapture
 0001:000061E0       ReleaseDC
 0002:00000038       reMap
 0002:00002614       remBytes
 0001:00000500       RemoveBlock
 0002:00000480       RemoveDataModule
 0001:00015F40       RemoveFixupReferences
 0001:00015FEC       RemoveFixups
 0001:000162CC       RemoveGlobalFixup
 0001:000061E8       RemoveMenu
 0001:000051A0       RemoveModuleUnloadProc
 0001:00005178       RemoveModuleUnloadProc
 0001:000061F0       RemoveProp
 0001:0001A818       RemoveThread
 0001:00005C08       ResetEvent
 0001:00001498       ResizeInPlace
 0001:00005DB8       RestoreDC
 0001:00049B44       RestoreFocusState
 0001:00005C10       ResumeThread
 0001:00013FF0       ReturnAddr
 0001:00041FA8       ReturnAddr
 0001:00012F2C       ReturnAddr
 0001:000091B4       ReturnAddr
 0001:0001F478       RGBQuadToTriple
 0001:0001F440       RGBTripleToQuad
 0002:00002B80       RM_GetObjectInstance
 0002:00002C0C       RM_TaskbarCreated
 0002:00002DE8       Router
 0002:00002610       rover
 0001:0000F490       RTLConsts
 0001:00000260       RtlUnwind
 0002:00002018       RTLUnwindProc
 0002:00000074       runErrMsg
 0001:00001830       RunErrorAt
 0001:0000B064       SafeArrayCreate
 0001:0000B084       SafeArrayGetElement
 0001:0000B074       SafeArrayGetLBound
 0001:0000B07C       SafeArrayGetUBound
 0001:0000B094       SafeArrayPtrOfIndex
 0001:0000B08C       SafeArrayPutElement
 0001:0000B06C       SafeArrayRedim
 0001:0000AAE8       SafeLoadLibrary
 0001:000075D0       SameText
 0001:00005DC0       SaveDC
 0001:00049B3C       SaveFocusState
 0001:00064154       ScktComp
 0002:00002C04       Screen
 0002:00002A34       ScreenLogPixels
 0001:000061F8       ScreenToClient
 0002:00000874       ScrollBar
 0001:0004A35C       ScrollBarVisible
 0001:00006200       ScrollWindow
 0001:00001044       SearchSmallBlocks
 0001:00060C08       select
 0001:00005DC8       SelectObject
 0001:00005DD0       SelectPalette
 0001:00060C10       send
 0001:00030314       SendAppMessage
 0001:00049DAC       SendFocusMessage
 0001:00006208       SendMessage
 0002:00000B30       Separators
 0001:00006210       SetActiveWindow
 0001:000515A4       SetAnimation
 0001:00005DD8       SetBkColor
 0001:00005DE0       SetBkMode
 0001:00005DE8       SetBrushOrgEx
 0001:00006218       SetCapture
 0001:000305A8       SetCaptureControl
 0001:00006220       SetClassLong
 0001:0000DF10       SetClearVarToEmptyParam
 0001:000168C8       SetCompName
 0001:00006228       SetCursor
 0001:00005DF0       SetDIBColorTable
 0001:00000268       SetEndOfFile
 0001:00005C18       SetEndOfFile
 0001:00005C20       SetErrorMode
 0001:00005C28       SetEvent
 0001:000031F8       SetExceptionHandler
 0001:00000270       SetFilePointer
 0001:00005C30       SetFilePointer
 0001:0000FDB0       SetFloatProp
 0001:00006230       SetFocus
 0001:00006238       SetForegroundWindow
 0001:0003E4F0       SetImeMode
 0001:000018B4       SetInOutRes
 0001:000100DC       SetInt64Prop
 0001:00010198       SetInterfaceProp
 0001:000173B4       SetInterfaceReference
 0001:0001732C       SetIntIdent
 0002:00000BB0       SetLayeredWindowAttributes
 0001:0000F980       SetLongStrProp
 0001:00006240       SetMenu
 0001:00006248       SetMenuItemInfo
 0001:0001007C       SetMethodProp
 0001:00017374       SetObjectIdent
 0001:0000F7DC       SetOrdProp
 0001:00005DF8       SetPixel
 0001:00006250       SetProp
 0001:00006258       SetRect
 0001:00005E00       SetROP2
 0001:00006260       SetScrollInfo
 0001:00006268       SetScrollPos
 0001:00006270       SetScrollRange
 0001:0000F87C       SetShortStrProp
 0001:0000F8F8       SetShortStrPropAsLongStr
 0001:00060C18       setsockopt
 0001:00005E08       SetStretchBltMode
 0001:0000FAB0       SetStrProp
 0001:00005E10       SetTextColor
 0001:00005C38       SetThreadLocale
 0001:00005C40       SetThreadPriority
 0001:00006278       SetTimer
 0001:0000445C       SetVariantManager
 0001:0000FFFC       SetVariantProp
 0001:00005E18       SetViewportOrgEx
 0001:00053530       SetVisible
 0001:0000FBC4       SetWideStrProp
 0001:0000FA18       SetWideStrPropAsLongStr
 0001:00006280       SetWindowLong
 0001:00005E20       SetWindowOrgEx
 0001:00006288       SetWindowPlacement
 0001:00006290       SetWindowPos
 0001:000062A0       SetWindowsHookEx
 0001:00006298       SetWindowText
 0002:00000120       ShareMode
 0002:00000054       ShareTab
 0001:0002C5A0       ShellAPI
 0001:0002C680       ShlObj
 0001:00041FD0       ShortCut
 0002:00002BF4       ShortCutItems
 0001:0004205C       ShortCutToText
 0002:0000273C       ShortDateFormat
 0002:000027B8       ShortDayNames
 0002:00002758       ShortMonthNames
 0002:00002750       ShortTimeFormat
 0002:00000C10       ShowCommands
 0002:00000C1C       ShowCommands
 0002:00000C28       ShowCommands
 0001:000062A8       ShowCursor
 0001:00009100       ShowException
 0002:00000CC4       ShowFlags
 0002:00000A24       ShowFlags
 0001:00049B4C       ShowMDIClientEdge
 0001:000062B0       ShowOwnedPopups
 0001:000062B8       ShowScrollBar
 0001:000062C0       ShowWindow
 0001:000515CC       ShowWinNoAnimate
 0001:0003DA58       ShowZone
 0001:0000DAB4       SimpleVarCmp
 0002:00000A84       SizeCursors
 0001:00005C48       SizeofResource
 0001:00017E64       SkipBinary
 0001:00017E94       SkipCollection
 0001:00017E3C       SkipList
 0001:00005C50       Sleep
 0001:0000A248       Sleep
 0001:000119AC       SmallPoint
 0001:0000637C       SmallPointToPoint
 0002:0000261C       smallTab
 0001:00060C20       socket
 0002:000008A8       Sorteds
 0002:000025E4       spaceRoot
 0001:0001260C       StartClassGroup
 0001:00061BFC       Startup
 0001:0002D2BC       StdActns
 0001:0002C568       StdCtrls
 0001:0001BE98       StdWndProc
 0002:00002A3C       StockBrush
 0002:00002A40       StockFont
 0002:00002A44       StockIcon
 0002:00002A38       StockPen
 0001:00007E3C       StrAlloc
 0001:00007E50       StrBufSize
 0001:00009AB4       StrByteType
 0001:00009ACC       StrCharLength
 0001:00007D20       StrComp
 0001:00007C80       StrCopy
 0001:00007E88       StrDispose
 0001:000409D0       StreamsEqual
 0001:00007C5C       StrEnd
 0001:00005E28       StretchBlt
 0001:00008324       StrFmt
 0001:00007D44       StrIComp
 0001:0000DA3C       StringCompare
 0001:00014FAC       StringListCompareStrings
 0001:000043E4       StringToOleStr
 0001:00047258       StripHotkey
 0001:00007CA8       StrLCopy
 0001:00007C44       StrLen
 0001:00008364       StrLFmt
 0001:00007D84       StrLIComp
[...]
   162 0001:0005ECC7   163 0001:0005ECD7   164 0001:0005ECE7   165 0001:0005ECF7
   166 0001:0005ED07   167 0001:0005ED17   168 0001:0005ED27   169 0001:0005ED37
   172 0001:0005ED3C   173 0001:0005ED3D   174 0001:0005ED4E   177 0001:0005ED50
   178 0001:0005ED56   179 0001:0005ED62   182 0001:0005ED68   183 0001:0005ED6E
   184 0001:0005ED7A   185 0001:0005ED88   187 0001:0005ED98   190 0001:0005ED9C
   191 0001:0005EDA6   193 0001:0005EDA8   194 0001:0005EDB2   195 0001:0005EDB6
   198 0001:0005EDBC   199 0001:0005EDBD   200 0001:0005EDC0   201 0001:0005EDC5
   202 0001:0005EDC9   203 0001:0005EDCD   204 0001:0005EDD3   220 0001:0005EDD8
   221 0001:0005EDEA   222 0001:0005EDF9   223 0001:0005EE08   224 0001:0005EE26
   236 0001:0005EE2C   237 0001:0005EE2F   243 0001:0005EE30   244 0001:0005EE31
   245 0001:0005EE33   246 0001:0005EE35   247 0001:0005EE37   248 0001:0005EE38
   249 0001:0005EE3C   250 0001:0005EE45   251 0001:0005EE51   252 0001:0005EE5D
   253 0001:0005EE78   254 0001:0005EE93   255 0001:0005EEAE   256 0001:0005EEB5
   262 0001:0005EEDC   263 0001:0005EEDD   264 0001:0005EEDF   265 0001:0005EEE1
   266 0001:0005EEE3   267 0001:0005EEE4   268 0001:0005EEE8   269 0001:0005EEF1
   270 0001:0005EEFD   271 0001:0005EF09   272 0001:0005EF24   273 0001:0005EF3F
   274 0001:0005EF5A   275 0001:0005EF61   278 0001:0005EF88   279 0001:0005EF8B
   280 0001:0005EF91   281 0001:0005EF94   283 0001:0005EF9E   284 0001:0005EFA4
   285 0001:0005EFA7   287 0001:0005EFB1   288 0001:0005EFC3   291 0001:0005EFC7
   292 0001:0005EFCD   293 0001:0005EFD1   294 0001:0005EFD8   295 0001:0005EFE0
   301 0001:0005EFE4   302 0001:0005EFEC   303 0001:0005EFF8   304 0001:0005EFFC
   305 0001:0005F005   311 0001:0005F008   315 0001:0005F00C   316 0001:0005F012
   317 0001:0005F015   319 0001:0005F01C   320 0001:0005F021   324 0001:0005F024
   325 0001:0005F027   333 0001:0005F028   334 0001:0005F02B   335 0001:0005F02F
   336 0001:0005F033   337 0001:0005F03E   338 0001:0005F04E   339 0001:0005F051
   343 0001:0005F054   344 0001:0005F057   345 0001:0005F05B   346 0001:0005F061
   350 0001:0005F064   351 0001:0005F067   355 0001:0005F068   356 0001:0005F070
   360 0001:0005F074   361 0001:0005F079   365 0001:0005F07C   366 0001:0005F082
   367 0001:0005F085   369 0001:0005F08C   370 0001:0005F091   374 0001:0005F094
   375 0001:0005F097   378 0001:0005F098   379 0001:0005F09B   380 0001:0005F09F
   381 0001:0005F0A3   382 0001:0005F0AE   383 0001:0005F0BE   384 0001:0005F0C1
   388 0001:0005F0C4   389 0001:0005F0C6   393 0001:0005F0C8   394 0001:0005F0CA
   395 0001:0005F0CE   396 0001:0005F0D8   400 0001:0005F0DC   401 0001:0005F0DE
   402 0001:0005F0E4   406 0001:0005F0E8   407 0001:0005F0EE   408 0001:0005F0F1
   410 0001:0005F0F6   411 0001:0005F0F9   415 0001:0005F0FC   419 0001:0005F100
   420 0001:0005F103   424 0001:0005F104   425 0001:0005F109   427 0001:0005F10D
   428 0001:0005F112   430 0001:0005F116   431 0001:0005F11B   433 0001:0005F11F
   434 0001:0005F124   436 0001:0005F128   438 0001:0005F141   441 0001:0005F146
   447 0001:0005F14F   450 0001:0005F154   457 0001:0005F159   461 0001:0005F15C
   462 0001:0005F162   463 0001:0005F165   464 0001:0005F169   465 0001:0005F16D
   467 0001:0005F171   471 0001:0005F174   472 0001:0005F177   476 0001:0005F178
   477 0001:0005F17B   483 0001:0005F17C   484 0001:0005F17F   485 0001:0005F182
   490 0001:0005F184   491 0001:0005F187   492 0001:0005F189   496 0001:0005F18C
   497 0001:0005F192   498 0001:0005F195   500 0001:0005F19A   501 0001:0005F19D
   505 0001:0005F1A0   506 0001:0005F1A3   510 0001:0005F1A4   511 0001:0005F1A9
   513 0001:0005F1AD   514 0001:0005F1B2   516 0001:0005F1B6   517 0001:0005F1BB
   519 0001:0005F1BF   520 0001:0005F1C4   522 0001:0005F1C8   524 0001:0005F1E1
   527 0001:0005F1E6   533 0001:0005F1EF   536 0001:0005F1F4   543 0001:0005F1F9
   547 0001:0005F1FC   548 0001:0005F202   549 0001:0005F205   550 0001:0005F209
   551 0001:0005F20D   553 0001:0005F211   557 0001:0005F214   561 0001:0005F218
   565 0001:0005F21C   566 0001:0005F250   566 0001:0005F257

Line numbers for cookie(cookie.pas) segment .text

    41 0001:0005F2B0    42 0001:0005F2BE    43 0001:0005F2C1    47 0001:0005F2C4
    49 0001:0005F2C7    51 0001:0005F2D1    53 0001:0005F2DC    54 0001:0005F2E0
    55 0001:0005F2E4    56 0001:0005F2E8    57 0001:0005F2EC    60 0001:0005F2F0
    61 0001:0005F2F3    62 0001:0005F2FD    64 0001:0005F307    65 0001:0005F312
    67 0001:0005F316    68 0001:0005F326    69 0001:0005F32A    70 0001:0005F33D
    71 0001:0005F347    72 0001:0005F351    73 0001:0005F355    75 0001:0005F359
    77 0001:0005F363    80 0001:0005F381    83 0001:0005F399    84 0001:0005F3A7
    88 0001:0005F3AD    92 0001:0005F3C5    93 0001:0005F3D5    94 0001:0005F3E6
    95 0001:0005F3EA    96 0001:0005F3EE    99 0001:0005F3F2   103 0001:0005F3FB
   104 0001:0005F401   105 0001:0005F40C   107 0001:0005F410   108 0001:0005F420
   109 0001:0005F424   110 0001:0005F442   111 0001:0005F446   112 0001:0005F450
   113 0001:0005F454   114 0001:0005F458   118 0001:0005F45C   119 0001:0005F462
   120 0001:0005F46D   122 0001:0005F471   123 0001:0005F481   124 0001:0005F485
   125 0001:0005F4AC   126 0001:0005F4C9   127 0001:0005F4D3   128 0001:0005F4D7
   129 0001:0005F4DB   135 0001:0005F4DF   141 0001:0005F4E4   142 0001:0005F4E7
   143 0001:0005F4E9   144 0001:0005F4EC   145 0001:0005F4F1   146 0001:0005F502
   147 0001:0005F521   151 0001:0005F528   152 0001:0005F535   153 0001:0005F539
   154 0001:0005F53D   155 0001:0005F54E   156 0001:0005F552   157 0001:0005F569
   162 0001:0005F56C   163 0001:0005F570   164 0001:0005F574   165 0001:0005F578
   166 0001:0005F57C   167 0001:0005F580   168 0001:0005F584   172 0001:0005F588
   173 0001:0005F591   174 0001:0005F59D   175 0001:0005F5A9   176 0001:0005F5BC
   177 0001:0005F5C3   181 0001:0005F5E8   182 0001:0005F5F1   183 0001:0005F5FD
   184 0001:0005F609   185 0001:0005F61C   186 0001:0005F623   187 0001:0005F678
   187 0001:0005F67F

Line numbers for sysregs(sysregs.pas) segment .text

    58 0001:0005F6DC    59 0001:0005F6E0    60 0001:0005F6EC    61 0001:0005F6F8
    62 0001:0005F70A    63 0001:0005F710    65 0001:0005F718    66 0001:0005F71B
    67 0001:0005F729    68 0001:0005F72F    71 0001:0005F73E    72 0001:0005F760
    73 0001:0005F76E    74 0001:0005F77C    75 0001:0005F78A    77 0001:0005F796
    81 0001:0005F798    82 0001:0005F79E    83 0001:0005F7A2    85 0001:0005F7AF
    87 0001:0005F7C3    88 0001:0005F7CD    89 0001:0005F7D7    90 0001:0005F7DD
    93 0001:0005F7E3    83 0001:0005F7E4    94 0001:0005F7EB    98 0001:0005F7F0
    99 0001:0005F801   101 0001:0005F815   105 0001:0005F818   109 0001:0005F81C
   110 0001:0005F826   111 0001:0005F831   112 0001:0005F842   115 0001:0005F844
   116 0001:0005F845   117 0001:0005F84F   118 0001:0005F861   119 0001:0005F870
   120 0001:0005F875   129 0001:0005F878   131 0001:0005F88A   132 0001:0005F8A8
   136 0001:0005F8AC   137 0001:0005F8B2   140 0001:0005F8B4   141 0001:0005F8B7
   142 0001:0005F8D5   147 0001:0005F8DB   148 0001:0005F8E2   149 0001:0005F8F2
   150 0001:0005F8FB   154 0001:0005F900   155 0001:0005F906   159 0001:0005F908
   160 0001:0005F911   161 0001:0005F91D   162 0001:0005F929   163 0001:0005F93C
   164 0001:0005F943   168 0001:0005F968   169 0001:0005F971   170 0001:0005F97D
   171 0001:0005F989   172 0001:0005F99C   173 0001:0005F9A3   174 0001:0005F9F8
   174 0001:0005F9FF

Line numbers for nvram(nvram.pas) segment .text

    33 0001:0005FA58    34 0001:0005FA68    38 0001:0005FA6C    39 0001:0005FA83
    43 0001:0005FA84    44 0001:0005FAA3    47 0001:0005FAA4    48 0001:0005FAA6
    49 0001:0005FAB6    50 0001:0005FACA    52 0001:0005FAD4    55 0001:0005FAD8
    56 0001:0005FAE4    57 0001:0005FAFE    60 0001:0005FB00    61 0001:0005FB06
    62 0001:0005FB1B    66 0001:0005FB20    67 0001:0005FB27    71 0001:0005FB28
    72 0001:0005FB2F    76 0001:0005FB30    77 0001:0005FB39    78 0001:0005FB45
    79 0001:0005FB51    80 0001:0005FB64    81 0001:0005FB6B    85 0001:0005FB8C
    86 0001:0005FB95    87 0001:0005FBA1    88 0001:0005FBAD    89 0001:0005FBC0
    90 0001:0005FBC7    91 0001:0005FC18    91 0001:0005FC1F

Line numbers for timer(timer.pas) segment .text

    56 0001:0005FCD0    58 0001:0005FCD6    67 0001:0005FCDA    71 0001:0005FCDC
    73 0001:0005FCE2    82 0001:0005FCEA    86 0001:0005FCEC    90 0001:0005FD00
    91 0001:0005FD04    94 0001:0005FD0B    95 0001:0005FD0F    98 0001:0005FD16
    99 0001:0005FD1A   102 0001:0005FD20   106 0001:0005FD24   110 0001:0005FD38
   113 0001:0005FD3F   116 0001:0005FD46   119 0001:0005FD4C   122 0001:0005FD50
   123 0001:0005FD5C   124 0001:0005FD75   128 0001:0005FD78   129 0001:0005FD7B
   133 0001:0005FD7C   134 0001:0005FD7F   138 0001:0005FD80   139 0001:0005FD86
   140 0001:0005FD9B   141 0001:0005FDA2   142 0001:0005FDAA   143 0001:0005FDB1
   144 0001:0005FDB9   145 0001:0005FDC0   146 0001:0005FDC8   147 0001:0005FDD6
   148 0001:0005FDE0   149 0001:0005FDE6   150 0001:0005FDEC   152 0001:0005FE08
   153 0001:0005FE12   154 0001:0005FE24   155 0001:0005FE2A   157 0001:0005FE30
   158 0001:0005FE3A   160 0001:0005FE40   163 0001:0005FE4E   165 0001:0005FE4F
   167 0001:0005FE55   171 0001:0005FE84   172 0001:0005FE88   173 0001:0005FE8E
   174 0001:0005FE94   175 0001:0005FE9A   176 0001:0005FEA0   177 0001:0005FEA6
   178 0001:0005FEAC   184 0001:0005FEB0   185 0001:0005FEB1   186 0001:0005FEB3
   187 0001:0005FEB5   188 0001:0005FEB7   189 0001:0005FEB8   190 0001:0005FEBC
   191 0001:0005FEC5   192 0001:0005FED1   193 0001:0005FEDD   194 0001:0005FEF8
   195 0001:0005FEFF   201 0001:0005FF20   202 0001:0005FF21   203 0001:0005FF23
   204 0001:0005FF25   205 0001:0005FF27   206 0001:0005FF28   207 0001:0005FF2C
   208 0001:0005FF35   209 0001:0005FF41   210 0001:0005FF4D   211 0001:0005FF68
   212 0001:0005FF6F   213 0001:0005FFC0   213 0001:0005FFC7

Line numbers for Am79c90(Am79c90.pas) segment .text

    80 0001:00060020    81 0001:0006002B    82 0001:00060030    84 0001:00060044
    87 0001:0006004A    88 0001:00060050    89 0001:00060056    92 0001:0006005C
    99 0001:00060060   100 0001:00060069   101 0001:0006006E   103 0001:00060082
   104 0001:00060086   105 0001:00060090   106 0001:00060096   110 0001:0006009E
   111 0001:000600A4   112 0001:000600AA   115 0001:000600AE   119 0001:000600B0
   120 0001:000600BC   121 0001:000600D2   122 0001:000600D9   123 0001:000600DD
   126 0001:000600E4   129 0001:000600EA   132 0001:000600EC   137 0001:000600FB
   138 0001:00060107   139 0001:00060113   140 0001:0006011F   141 0001:0006013E
   144 0001:00060144   148 0001:00060152   152 0001:00060154   153 0001:00060157
   161 0001:00060158   162 0001:00060161   163 0001:0006016D   164 0001:00060179
   165 0001:0006018C   166 0001:00060193   170 0001:000601B4   171 0001:000601BD
   172 0001:000601C9   173 0001:000601D5   174 0001:000601E8   175 0001:000601EF
   176 0001:00060240   176 0001:00060247

Line numbers for Cisco_2500(cisco_2500.pas) segment .text

    73 0001:000602F4    74 0001:000602F5    75 0001:000602F6    77 0001:000602F7
    78 0001:000602F9    79 0001:000602FB    80 0001:000602FD    81 0001:000602FF
    82 0001:00060301    83 0001:00060303    84 0001:00060306    85 0001:00060308
    86 0001:00060309    87 0001:0006030A    89 0001:0006030C    90 0001:0006030D
    91 0001:0006030E    92 0001:0006030F   102 0001:00060310   105 0001:0006035D
   106 0001:00060362   109 0001:00060378   110 0001:00060386   111 0001:00060394
   112 0001:000603A2   114 0001:000603B0   115 0001:000603B6   116 0001:000603C6
   117 0001:000603CF   118 0001:000603E5   121 0001:000603EA   122 0001:000603F0
   123 0001:00060400   124 0001:00060409   125 0001:0006041F   128 0001:00060424
   129 0001:0006042A   130 0001:0006043A   131 0001:00060443   132 0001:00060459
   135 0001:0006045E   136 0001:00060464   137 0001:00060474   138 0001:0006047D
   139 0001:00060493   143 0001:00060498   147 0001:000604A7   150 0001:000604B8
   151 0001:000604C7   152 0001:000604D6   153 0001:000604E5   154 0001:000604F4
   155 0001:00060503   156 0001:00060512   157 0001:00060521   158 0001:0006054B
   159 0001:00060575   160 0001:00060582   161 0001:0006058E   162 0001:0006059C
   159 0001:0006059D   163 0001:000605A2   164 0001:000605AC   166 0001:000605AE
   167 0001:000605BA   168 0001:000605C8   169 0001:0006060C   170 0001:00060613
   171 0001:0006062A   172 0001:0006063C   173 0001:0006063D   174 0001:0006064A
   177 0001:0006065A   178 0001:00060664   180 0001:00060666   181 0001:00060672
   182 0001:00060680   183 0001:000606C4   184 0001:000606CB   185 0001:000606E2
   186 0001:000606E3   187 0001:000606F0   189 0001:00060700   190 0001:00060706
   191 0001:00060714   193 0001:00060724   194 0001:0006072C   195 0001:0006073D
   196 0001:0006074E   197 0001:0006075F   198 0001:00060770   199 0001:00060781
   203 0001:00060792   204 0001:00060798   207 0001:000607AF   208 0001:000607BD
   209 0001:000607CD   212 0001:000607D5   213 0001:000607F6   214 0001:00060817
   215 0001:00060838   216 0001:00060859   217 0001:0006087A   218 0001:0006089B
   219 0001:000608BC   220 0001:000608DD   221 0001:000608FE   224 0001:0006091F
   225 0001:00060930   226 0001:0006093B   227 0001:00060946   228 0001:00060951
   229 0001:0006095C   230 0001:00060967   231 0001:00060978   232 0001:0006098E
   233 0001:000609A2   235 0001:000609B6   237 0001:000609CA   238 0001:000609DE
   239 0001:000609F2   240 0001:00060A04   241 0001:00060A1A   243 0001:00060A2F
   244 0001:00060A38   245 0001:00060A3F   246 0001:00060A46   247 0001:00060A93
   272 0001:00060B90   272 0001:00060B97

Line numbers for Unit1(Unit1.pas) segment .text

   129 0001:00064850   130 0001:0006486E   131 0001:0006487C   133 0001:0006488E
   134 0001:000648A8   135 0001:000648B1   136 0001:000648BC   138 0001:000648D8
   139 0001:000648DB   153 0001:0006494E   157 0001:00064958   158 0001:00064978
   160 0001:0006497A   161 0001:00064985   163 0001:000649A1   164 0001:000649AF
   165 0001:000649B4   166 0001:000649BE   167 0001:000649C8   168 0001:000649D2
   169 0001:000649DC   171 0001:000649E6   172 0001:000649F7   173 0001:00064A0A
   175 0001:00064A51   177 0001:00064A58   178 0001:00064A59   159 0001:00064A7A
   180 0001:00064A9C   183 0001:00064AA4   184 0001:00064ABA   185 0001:00064AC7
   186 0001:00064ADD   187 0001:00064AEA   188 0001:00064AF7   189 0001:00064B04
   190 0001:00064B11   191 0001:00064B5E   196 0001:00064B7C   197 0001:00064BA7
   198 0001:00064BAE   200 0001:00064BD2   201 0001:00064C16   202 0001:00064C23
   203 0001:00064C60   204 0001:00064C75   198 0001:00064C76   206 0001:00064CA5
   211 0001:00064CAC   212 0001:00064CCF   213 0001:00064CDE   214 0001:00064CEC
   215 0001:00064D3E   216 0001:00064D90   217 0001:00064DE2   218 0001:00064E34
   219 0001:00064E86   220 0001:00064ED8   221 0001:00064F2C   222 0001:00064F75
   223 0001:00064FBE   224 0001:00065007   225 0001:00065050   226 0001:00065099
   227 0001:000650F1   228 0001:00065147   229 0001:00065199   230 0001:000651EB
   231 0001:00065234   232 0001:00065280   235 0001:000652CF   238 0001:00065304
   239 0001:00065328   240 0001:00065339   242 0001:0006536C   243 0001:0006536E
   244 0001:00065438   242 0001:00065439   245 0001:00065442   246 0001:00065458
   247 0001:0006545A   248 0001:00065524   246 0001:00065525   249 0001:0006552E
   251 0001:000655DC   254 0001:0006562B   255 0001:00065639   256 0001:0006566D
   257 0001:00065692   258 0001:000656B7   259 0001:000656DC   260 0001:00065701
   261 0001:00065726   262 0001:0006574B   265 0001:000657D1   266 0001:000657F6
   267 0001:00065832   268 0001:00065843   269 0001:00065854   270 0001:00065865
   272 0001:00065869   273 0001:000658C5   274 0001:0006591A   275 0001:0006591C
   276 0001:000659AB   277 0001:000659E7   278 0001:000659FE   274 0001:000659FF
   279 0001:00065A08   280 0001:00065A2D   281 0001:00065A55   270 0001:00065A58
   282 0001:00065A62   284 0001:00065A66   285 0001:00065ABE   286 0001:00065AC0
   287 0001:00065B4D   288 0001:00065B64   285 0001:00065B65   289 0001:00065B6E
   290 0001:00065B93   282 0001:00065B96   292 0001:00065BA0   298 0001:00065BA8
   299 0001:00065BFF   303 0001:00065EB0   304 0001:00065ECF   305 0001:00065ED7
   307 0001:00065EE5   311 0001:00065F2B   314 0001:00065F3D   315 0001:00065F43
   316 0001:00065F5A   318 0001:00065F5F   320 0001:00065F6B   322 0001:00065F9E
   326 0001:0006600C   327 0001:0006601D   332 0001:00066020   333 0001:0006602D
   334 0001:0006603A   335 0001:00066047   336 0001:00066054   340 0001:00066058
   341 0001:00066062   342 0001:00066071   343 0001:0006607F   344 0001:00066098
   345 0001:000660B1   346 0001:000660C0   348 0001:000660CA   351 0001:000660D0
   352 0001:000660EE   353 0001:0006611F   354 0001:00066151   355 0001:00066197
   356 0001:000661FF   359 0001:00066204   360 0001:00066220   361 0001:00066251
   362 0001:00066297   363 0001:000662FF   366 0001:00066304   371 0001:0006631C
   372 0001:00066329   373 0001:00066356   374 0001:0006639D   377 0001:000663A4
   378 0001:000663A7   379 0001:000663B4   380 0001:000663C1   381 0001:000663CE
   382 0001:000663DB   385 0001:000663E0   386 0001:000663E3   387 0001:000663F4
   388 0001:00066400   389 0001:00066410   392 0001:00066422   393 0001:00066432
   395 0001:00066442   398 0001:00066488   399 0001:0006648B   400 0001:00066494
   406 0001:000664B0   408 0001:000664BA   409 0001:000664CB   410 0001:000664D8
   411 0001:000664E8   412 0001:000664F8   415 0001:00066520   417 0001:00066523
   418 0001:0006652F   420 0001:00066538   421 0001:00066545   423 0001:0006654C
   424 0001:00066559   427 0001:0006655C   428 0001:00066572   429 0001:000665B4
   433 0001:000665B8   434 0001:000665CD   437 0001:000665D0   438 0001:000665E8
   439 0001:00066603   440 0001:00066641   444 0001:00066648   445 0001:00066658
   449 0001:0006665C   450 0001:0006666C   454 0001:00066670   455 0001:00066680
   459 0001:00066684   460 0001:00066694   464 0001:00066698   465 0001:000666A4
   469 0001:000666A8   470 0001:000666B4   474 0001:000666B8   475 0001:000666C5
   476 0001:000666D2   480 0001:000666D4   481 0001:000666E3   485 0001:000666E4
   486 0001:00066711   487 0001:00066721   490 0001:0006675C   491 0001:00066774
   492 0001:00066782   494 0001:000667C7   496 0001:00066801   500 0001:0006680C
   501 0001:00066819   505 0001:0006681C   506 0001:00066829   507 0001:00066836
   511 0001:00066838   512 0001:00066847   515 0001:00066848   516 0001:00066860
   517 0001:0006687B   519 0001:000668B9   522 0001:000668C0   523 0001:000668C9
   524 0001:000668D3   525 0001:000668DD   526 0001:000668E7   527 0001:000668F1
   528 0001:000668FB   529 0001:00066905   530 0001:0006690F   531 0001:00066919
   532 0001:00066923   533 0001:00066939   536 0001:00066958   537 0001:00066961
   538 0001:0006696B   539 0001:00066975   540 0001:0006697F   541 0001:00066989
   542 0001:00066993   543 0001:0006699D   544 0001:000669A7   545 0001:000669B1
   546 0001:000669BB   547 0001:000669D1   554 0001:000669F0   555 0001:00066A0C
   556 0001:00066A16   557 0001:00066A65   561 0001:00066A9C   561 0001:00066AA3

Line numbers for Project1(I:\utils\Cemuprj\68kpas\Project1.dpr) segment .text

    10 0001:00066CA4    11 0001:00066CB4    12 0001:00066CC0    13 0001:00066CD1
    14 0001:00066CE9    15 0001:00066CF5

Bound resource files

f:\programmi\borland\delphi6\Lib\CONTROLS.RES
Unit1.dfm
Project1.res
Project1.drf


Program entry point at 0001:00066CA4
